Archive member included to satisfy reference by file (symbol)

/usr/share/segger_embedded_studio_for_arm_5.68/lib/libc_v7em_fpv4_sp_d16_hard_t_le_eabi.a(libc2.o)
                              Output/Release/Obj/twi_scanner_pca10040/nrf_log_str_formatter.o (isprint)
/usr/share/segger_embedded_studio_for_arm_5.68/lib/libc_v7em_fpv4_sp_d16_hard_t_le_eabi.a(libc2_asm.o)
                              Output/Release/Obj/twi_scanner_pca10040/nrf_log_frontend.o (memcpy)
/usr/share/segger_embedded_studio_for_arm_5.68/lib/libc_v7em_fpv4_sp_d16_hard_t_le_eabi.a(libvfprintf.o)
                              (__vfprintf_long)
/usr/share/segger_embedded_studio_for_arm_5.68/lib/libc_v7em_fpv4_sp_d16_hard_t_le_eabi.a(libvfscanf.o)
                              (__vfscanf_int)
/usr/share/segger_embedded_studio_for_arm_5.68/lib/libc_v7em_fpv4_sp_d16_hard_t_le_eabi.a(libc.o)
                              /usr/share/segger_embedded_studio_for_arm_5.68/lib/libc_v7em_fpv4_sp_d16_hard_t_le_eabi.a(libc2.o) (__heap_lock)
/usr/share/segger_embedded_studio_for_arm_5.68/lib/libc_v7em_fpv4_sp_d16_hard_t_le_eabi.a(libc_asm.o)
                              /usr/share/segger_embedded_studio_for_arm_5.68/lib/libc_v7em_fpv4_sp_d16_hard_t_le_eabi.a(libc2.o) (__aeabi_uldivmod)
/usr/share/segger_embedded_studio_for_arm_5.68/lib/libdebugio_v7em_fpv4_sp_d16_hard_t_le_eabi.a(libdebugio.o)
                              Output/Release/Obj/twi_scanner_pca10040/thumb_crt0.o (debug_fopen)
/usr/share/segger_embedded_studio_for_arm_5.68/lib/libdebugio_v7em_fpv4_sp_d16_hard_t_le_eabi.a(do_nv_debug_operation.o)
                              /usr/share/segger_embedded_studio_for_arm_5.68/lib/libdebugio_v7em_fpv4_sp_d16_hard_t_le_eabi.a(libdebugio.o) (__do_nvdebug_operation)
/usr/share/segger_embedded_studio_for_arm_5.68/lib/libdebugio_v7em_fpv4_sp_d16_hard_t_le_eabi.a(mempoll_debug_operations.o)
                              (__do_debug_operation_mempoll)
/usr/share/segger_embedded_studio_for_arm_5.68/lib/libm_v7em_fpv4_sp_d16_hard_t_le_eabi.a(libm_asm.o)
                              /usr/share/segger_embedded_studio_for_arm_5.68/lib/libc_v7em_fpv4_sp_d16_hard_t_le_eabi.a(libc2.o) (__aeabi_dadd)
/usr/share/segger_embedded_studio_for_arm_5.68/lib/libm_v7em_fpv4_sp_d16_hard_t_le_eabi.a(libm2.o)
                              /usr/share/segger_embedded_studio_for_arm_5.68/lib/libc_v7em_fpv4_sp_d16_hard_t_le_eabi.a(libvfprintf.o) (frexp)

Discarded input sections

 .text          0x0000000000000000        0x0 Output/Release/Obj/twi_scanner_pca10040/thumb_crt0.o
 .data          0x0000000000000000        0x0 Output/Release/Obj/twi_scanner_pca10040/thumb_crt0.o
 .bss           0x0000000000000000        0x0 Output/Release/Obj/twi_scanner_pca10040/thumb_crt0.o
 .text.__aeabi_read_tp
                0x0000000000000000        0x8 Output/Release/Obj/twi_scanner_pca10040/thumb_crt0.o
 .text.abort    0x0000000000000000        0x2 Output/Release/Obj/twi_scanner_pca10040/thumb_crt0.o
 .text.__assert
                0x0000000000000000        0x2 Output/Release/Obj/twi_scanner_pca10040/thumb_crt0.o
 .text.__assert_func
                0x0000000000000000        0x2 Output/Release/Obj/twi_scanner_pca10040/thumb_crt0.o
 .text.__aeabi_assert
                0x0000000000000000        0x2 Output/Release/Obj/twi_scanner_pca10040/thumb_crt0.o
 .text.__sync_synchronize
                0x0000000000000000        0x2 Output/Release/Obj/twi_scanner_pca10040/thumb_crt0.o
 .text.__getchar
                0x0000000000000000        0x4 Output/Release/Obj/twi_scanner_pca10040/thumb_crt0.o
 .text.__putchar
                0x0000000000000000        0x4 Output/Release/Obj/twi_scanner_pca10040/thumb_crt0.o
 .text.__open   0x0000000000000000        0x4 Output/Release/Obj/twi_scanner_pca10040/thumb_crt0.o
 .text.__close  0x0000000000000000        0x4 Output/Release/Obj/twi_scanner_pca10040/thumb_crt0.o
 .text.__write  0x0000000000000000        0xa Output/Release/Obj/twi_scanner_pca10040/thumb_crt0.o
 .text.__read   0x0000000000000000        0xa Output/Release/Obj/twi_scanner_pca10040/thumb_crt0.o
 .text.__seek   0x0000000000000000       0x1a Output/Release/Obj/twi_scanner_pca10040/thumb_crt0.o
 .text.remove   0x0000000000000000        0x4 Output/Release/Obj/twi_scanner_pca10040/thumb_crt0.o
 .text.rename   0x0000000000000000        0x4 Output/Release/Obj/twi_scanner_pca10040/thumb_crt0.o
 .bss.__user_locale_name_buffer
                0x0000000000000000        0x4 Output/Release/Obj/twi_scanner_pca10040/thumb_crt0.o
 .stack         0x0000000000000000        0x0 Output/Release/Obj/twi_scanner_pca10040/thumb_crt0.o
 .stack_process
                0x0000000000000000        0x0 Output/Release/Obj/twi_scanner_pca10040/thumb_crt0.o
 .heap          0x0000000000000000        0x0 Output/Release/Obj/twi_scanner_pca10040/thumb_crt0.o
 .group         0x0000000000000000        0xc Output/Release/Obj/twi_scanner_pca10040/nrf_log_backend_rtt.o
[...]
Memory Configuration

Name             Origin             Length             Attributes
UNPLACED_SECTIONS 0x0000000100000000 0x0000000000000000 xw
RAM              0x0000000020000000 0x0000000000010000 xw
FLASH            0x0000000000000000 0x0000000000080000 xw
*default*        0x0000000000000000 0xffffffffffffffff

Linker script and memory map

                0x0000000000000000                __do_debug_operation = __do_debug_operation_mempoll
                0x0000000000002e64                __vfprintf = __vfprintf_long
                0x0000000000000000                __vfscanf = __vfscanf_int
                0x0000000020000000                __RAM_segment_start__ = 0x20000000
                0x0000000020010000                __RAM_segment_end__ = 0x20010000
                0x0000000000010000                __RAM_segment_size__ = 0x10000
                0x0000000000000000                __FLASH_segment_start__ = 0x0
                0x0000000000080000                __FLASH_segment_end__ = 0x80000
                0x0000000000080000                __FLASH_segment_size__ = 0x80000
                0x0000000000002000                __HEAPSIZE__ = 0x2000
                0x0000000000000000                __STACKSIZE_PROCESS__ = 0x0
                0x0000000000002000                __STACKSIZE__ = 0x2000
                0x0000000020000000                __vectors_ram_load_start__ = 0x20000000

.vectors_ram    0x0000000020000000        0x0
                0x0000000020000000                __vectors_ram_start__ = .
                0x0000000020000000                __app_ram_start__ = __vectors_ram_start__
 *(.vectors_ram .vectors_ram.*)
                0x0000000020000000                __vectors_ram_end__ = (__vectors_ram_start__ + SIZEOF (.vectors_ram))
                0x0000000000000000                __vectors_ram_size__ = SIZEOF (.vectors_ram)
                0x0000000020000000                __vectors_ram_load_end__ = __vectors_ram_end__
                0x0000000000000001                . = ASSERT (((__vectors_ram_start__ == __vectors_ram_end__) || ((__vectors_ram_end__ - __RAM_segment_start__) <= __RAM_segment_size__)), error: .vectors_ram is too large to fit in RAM memory segment)
                0x0000000020000000                __nrf_sections_run_load_start__ = ALIGN (__vectors_ram_end__, 0x4)

.nrf_sections_run
                0x0000000020000000        0x0
                0x0000000020000000                __nrf_sections_run_start__ = .
                0x0000000020000000                __start_nrf_sections_run = __nrf_sections_run_start__
 *(.nrf_sections_run .nrf_sections_run.*)
                0x0000000020000000                __nrf_sections_run_end__ = (__nrf_sections_run_start__ + SIZEOF (.nrf_sections_run))
                0x0000000000000000                __nrf_sections_run_size__ = SIZEOF (.nrf_sections_run)
                0x0000000020000000                __nrf_sections_run_load_end__ = __nrf_sections_run_end__
                0x0000000000000001                . = ASSERT (((__nrf_sections_run_start__ == __nrf_sections_run_end__) || ((__nrf_sections_run_end__ - __RAM_segment_start__) <= __RAM_segment_size__)), error: .nrf_sections_run is too large to fit in RAM memory segment)
                0x0000000000000000                __vectors_load_start__ = 0x0

.vectors        0x0000000000000000       0xdc
                0x0000000000000000                __vectors_start__ = .
 *(.vectors .vectors.*)
 .vectors       0x0000000000000000       0xdc Output/Release/Obj/twi_scanner_pca10040/ses_nrf52_Vectors.o
                0x0000000000000000                _vectors
                0x00000000000000dc                __vectors_end__ = (__vectors_start__ + SIZEOF (.vectors))
                0x00000000000000dc                __vectors_size__ = SIZEOF (.vectors)
                0x00000000000000dc                __vectors_load_end__ = __vectors_end__
                0x0000000000000001                . = ASSERT (((__vectors_start__ == __vectors_end__) || ((__vectors_end__ - __FLASH_segment_start__) <= __FLASH_segment_size__)), error: .vectors is too large to fit in FLASH memory segment)
                0x00000000000000dc                __init_load_start__ = ALIGN (__vectors_end__, 0x4)

.init           0x00000000000000dc      0x214
                0x00000000000000dc                __init_start__ = .
 *(.init .init.*)
 .init          0x00000000000000dc      0x15c Output/Release/Obj/twi_scanner_pca10040/thumb_crt0.o
                0x00000000000000dc                _start
                0x0000000000000190                exit
 .init          0x0000000000000238       0x58 Output/Release/Obj/twi_scanner_pca10040/ses_nRF_Startup.o
                0x0000000000000238                Reset_Handler
                0x000000000000025c                InitializeUserMemorySections
 .init          0x0000000000000290       0x60 Output/Release/Obj/twi_scanner_pca10040/ses_nrf52_Vectors.o
                0x0000000000000290                NMI_Handler
                0x0000000000000292                HardFault_Handler
                0x0000000000000294                MemoryManagement_Handler
                0x0000000000000296                BusFault_Handler
                0x0000000000000298                UsageFault_Handler
                0x000000000000029a                SVC_Handler
                0x000000000000029c                DebugMon_Handler
                0x000000000000029e                PendSV_Handler
                0x00000000000002a0                SysTick_Handler
                0x00000000000002a4                POWER_CLOCK_IRQHandler
                0x00000000000002a6                RADIO_IRQHandler
                0x00000000000002ae                NFCT_IRQHandler
                0x00000000000002b0                GPIOTE_IRQHandler
                0x00000000000002b2                SAADC_IRQHandler
                0x00000000000002b4                TIMER0_IRQHandler
                0x00000000000002b6                TIMER1_IRQHandler
                0x00000000000002b8                TIMER2_IRQHandler
                0x00000000000002ba                RTC0_IRQHandler
                0x00000000000002bc                TEMP_IRQHandler
                0x00000000000002be                RNG_IRQHandler
                0x00000000000002c0                ECB_IRQHandler
                0x00000000000002c2                CCM_AAR_IRQHandler
                0x00000000000002c4                WDT_IRQHandler
                0x00000000000002c6                RTC1_IRQHandler
                0x00000000000002c8                QDEC_IRQHandler
                0x00000000000002ca                COMP_LPCOMP_IRQHandler
                0x00000000000002cc                SWI0_EGU0_IRQHandler
                0x00000000000002ce                SWI1_EGU1_IRQHandler
                0x00000000000002d0                SWI2_EGU2_IRQHandler
                0x00000000000002d2                SWI3_EGU3_IRQHandler
                0x00000000000002d4                SWI4_EGU4_IRQHandler
                0x00000000000002d6                SWI5_EGU5_IRQHandler
                0x00000000000002d8                TIMER3_IRQHandler
                0x00000000000002da                TIMER4_IRQHandler
                0x00000000000002dc                PWM0_IRQHandler
                0x00000000000002de                PDM_IRQHandler
                0x00000000000002e0                MWU_IRQHandler
                0x00000000000002e2                PWM1_IRQHandler
                0x00000000000002e4                PWM2_IRQHandler
                0x00000000000002e6                SPIM2_SPIS2_SPI2_IRQHandler
                0x00000000000002e8                RTC2_IRQHandler
                0x00000000000002ea                I2S_IRQHandler
                0x00000000000002ec                FPU_IRQHandler
                0x00000000000002f0                __init_end__ = (__init_start__ + SIZEOF (.init))
                0x0000000000000214                __init_size__ = SIZEOF (.init)
                0x00000000000002f0                __init_load_end__ = __init_end__
                0x0000000000000001                . = ASSERT (((__init_start__ == __init_end__) || ((__init_end__ - __FLASH_segment_start__) <= __FLASH_segment_size__)), error: .init is too large to fit in FLASH memory segment)
                0x00000000000002f0                __init_rodata_load_start__ = ALIGN (__init_end__, 0x4)

.init_rodata    0x00000000000002f0        0x0
                0x00000000000002f0                __init_rodata_start__ = .
 *(.init_rodata .init_rodata.*)
                0x00000000000002f0                __init_rodata_end__ = (__init_rodata_start__ + SIZEOF (.init_rodata))
                0x0000000000000000                __init_rodata_size__ = SIZEOF (.init_rodata)
                0x00000000000002f0                __init_rodata_load_end__ = __init_rodata_end__
                0x0000000000000001                . = ASSERT (((__init_rodata_start__ == __init_rodata_end__) || ((__init_rodata_end__ - __FLASH_segment_start__) <= __FLASH_segment_size__)), error: .init_rodata is too large to fit in FLASH memory segment)
                0x00000000000002f0                __text_load_start__ = ALIGN (__init_rodata_end__, 0x4)

.text           0x00000000000002f0     0x3170
                0x00000000000002f0                __text_start__ = .
 *(.text .text.* .glue_7t .glue_7 .gnu.linkonce.t.* .gcc_except_table .ARM.extab* .gnu.linkonce.armextab.*)
 .glue_7        0x00000000000002f0        0x0 linker stubs
 .glue_7t       0x00000000000002f0        0x0 linker stubs
 .text.nrf_log_backend_serial_put
                0x00000000000002f0       0xc2 Output/Release/Obj/twi_scanner_pca10040/nrf_log_backend_serial.o
                0x00000000000002f0                nrf_log_backend_serial_put
 *fill*         0x00000000000003b2        0x2 
 .text.uart_evt_handler
                0x00000000000003b4        0xc Output/Release/Obj/twi_scanner_pca10040/nrf_log_backend_uart.o
 .text.nrf_log_backend_uart_flush
                0x00000000000003c0        0x2 Output/Release/Obj/twi_scanner_pca10040/nrf_log_backend_uart.o
 *fill*         0x00000000000003c2        0x2 
 .text.uart_init
                0x00000000000003c4       0x4c Output/Release/Obj/twi_scanner_pca10040/nrf_log_backend_uart.o
 .text.nrf_log_backend_uart_put
                0x0000000000000410       0x1c Output/Release/Obj/twi_scanner_pca10040/nrf_log_backend_uart.o
 .text.serial_tx
                0x000000000000042c       0x48 Output/Release/Obj/twi_scanner_pca10040/nrf_log_backend_uart.o
 .text.nrf_log_backend_uart_panic_set
                0x0000000000000474       0x2c Output/Release/Obj/twi_scanner_pca10040/nrf_log_backend_uart.o
 .text.nrf_log_backend_uart_init
                0x00000000000004a0        0x6 Output/Release/Obj/twi_scanner_pca10040/nrf_log_backend_uart.o
                0x00000000000004a0                nrf_log_backend_uart_init
 *fill*         0x00000000000004a6        0x2 
 .text.nrf_log_default_backends_init
                0x00000000000004a8       0x1c Output/Release/Obj/twi_scanner_pca10040/nrf_log_default_backends.o
                0x00000000000004a8                nrf_log_default_backends_init
 .text.invalid_packets_pushed_str_omit
                0x00000000000004c4       0x50 Output/Release/Obj/twi_scanner_pca10040/nrf_log_frontend.o
 .text.buf_prealloc
                0x0000000000000514      0x130 Output/Release/Obj/twi_scanner_pca10040/nrf_log_frontend.o
 .text.nrf_log_init
                0x0000000000000644       0x50 Output/Release/Obj/twi_scanner_pca10040/nrf_log_frontend.o
                0x0000000000000644                nrf_log_init
 .text.nrf_log_module_name_get
                0x0000000000000694       0x38 Output/Release/Obj/twi_scanner_pca10040/nrf_log_frontend.o
                0x0000000000000694                nrf_log_module_name_get
 .text.nrf_log_color_id_get
                0x00000000000006cc       0x2c Output/Release/Obj/twi_scanner_pca10040/nrf_log_frontend.o
                0x00000000000006cc                nrf_log_color_id_get
 .text.buffer_is_empty
                0x00000000000006f8       0x14 Output/Release/Obj/twi_scanner_pca10040/nrf_log_frontend.o
                0x00000000000006f8                buffer_is_empty
 .text.nrf_log_frontend_dequeue
                0x000000000000070c      0x220 Output/Release/Obj/twi_scanner_pca10040/nrf_log_frontend.o
                0x000000000000070c                nrf_log_frontend_dequeue
 .text.std_n    0x000000000000092c       0x98 Output/Release/Obj/twi_scanner_pca10040/nrf_log_frontend.o
 .text.nrf_log_frontend_std_0
                0x00000000000009c4        0x8 Output/Release/Obj/twi_scanner_pca10040/nrf_log_frontend.o
                0x00000000000009c4                nrf_log_frontend_std_0
 .text.nrf_log_frontend_std_1
                0x00000000000009cc       0x12 Output/Release/Obj/twi_scanner_pca10040/nrf_log_frontend.o
                0x00000000000009cc                nrf_log_frontend_std_1
 .text.nrf_log_frontend_std_3
                0x00000000000009de       0x18 Output/Release/Obj/twi_scanner_pca10040/nrf_log_frontend.o
                0x00000000000009de                nrf_log_frontend_std_3
 *fill*         0x00000000000009f6        0x2 
 .text.nrf_log_backend_add
                0x00000000000009f8       0x40 Output/Release/Obj/twi_scanner_pca10040/nrf_log_frontend.o
                0x00000000000009f8                nrf_log_backend_add
 .text.nrf_log_panic
                0x0000000000000a38       0x24 Output/Release/Obj/twi_scanner_pca10040/nrf_log_frontend.o
                0x0000000000000a38                nrf_log_panic
 .text.prefix_process
                0x0000000000000a5c       0x7c Output/Release/Obj/twi_scanner_pca10040/nrf_log_str_formatter.o
 .text.postfix_process
                0x0000000000000ad8       0x44 Output/Release/Obj/twi_scanner_pca10040/nrf_log_str_formatter.o
 .text.nrf_log_std_entry_process
                0x0000000000000b1c       0xc8 Output/Release/Obj/twi_scanner_pca10040/nrf_log_str_formatter.o
                0x0000000000000b1c                nrf_log_std_entry_process
 .text.nrf_log_hexdump_entry_process
                0x0000000000000be4       0xb4 Output/Release/Obj/twi_scanner_pca10040/nrf_log_str_formatter.o
                0x0000000000000be4                nrf_log_hexdump_entry_process
 .text.app_error_handler_bare
                0x0000000000000c98       0x1a Output/Release/Obj/twi_scanner_pca10040/app_error.o
                0x0000000000000c98                app_error_handler_bare
 *fill*         0x0000000000000cb2        0x2 
 .text.app_error_fault_handler
                0x0000000000000cb4       0x68 Output/Release/Obj/twi_scanner_pca10040/app_error_weak.o
                0x0000000000000cb4                app_error_fault_handler
 .text.app_util_disable_irq
                0x0000000000000d1c       0x10 Output/Release/Obj/twi_scanner_pca10040/app_util_platform.o
                0x0000000000000d1c                app_util_disable_irq
 .text.app_util_enable_irq
                0x0000000000000d2c       0x14 Output/Release/Obj/twi_scanner_pca10040/app_util_platform.o
                0x0000000000000d2c                app_util_enable_irq
 .text.app_util_critical_region_enter
                0x0000000000000d40        0x4 Output/Release/Obj/twi_scanner_pca10040/app_util_platform.o
                0x0000000000000d40                app_util_critical_region_enter
 .text.app_util_critical_region_exit
                0x0000000000000d44        0x4 Output/Release/Obj/twi_scanner_pca10040/app_util_platform.o
                0x0000000000000d44                app_util_critical_region_exit
 .text.nrf_atomic_u32_fetch_store
                0x0000000000000d48       0x16 Output/Release/Obj/twi_scanner_pca10040/nrf_atomic.o
                0x0000000000000d48                nrf_atomic_u32_fetch_store
 .text.nrf_atomic_u32_or
                0x0000000000000d5e       0x18 Output/Release/Obj/twi_scanner_pca10040/nrf_atomic.o
                0x0000000000000d5e                nrf_atomic_u32_or
 .text.nrf_atomic_u32_fetch_and
                0x0000000000000d76       0x18 Output/Release/Obj/twi_scanner_pca10040/nrf_atomic.o
                0x0000000000000d76                nrf_atomic_u32_fetch_and
 .text.nrf_atomic_u32_add
                0x0000000000000d8e       0x18 Output/Release/Obj/twi_scanner_pca10040/nrf_atomic.o
                0x0000000000000d8e                nrf_atomic_u32_add
 .text.nrf_atomic_u32_sub
                0x0000000000000da6       0x18 Output/Release/Obj/twi_scanner_pca10040/nrf_atomic.o
                0x0000000000000da6                nrf_atomic_u32_sub
 .text.nrf_atomic_flag_set
                0x0000000000000dbe        0x6 Output/Release/Obj/twi_scanner_pca10040/nrf_atomic.o
                0x0000000000000dbe                nrf_atomic_flag_set
 .text.nrf_atomic_flag_clear_fetch
                0x0000000000000dc4        0x6 Output/Release/Obj/twi_scanner_pca10040/nrf_atomic.o
                0x0000000000000dc4                nrf_atomic_flag_clear_fetch
 .text.nrf_balloc_init
                0x0000000000000dca       0x2e Output/Release/Obj/twi_scanner_pca10040/nrf_balloc.o
                0x0000000000000dca                nrf_balloc_init
 .text.nrf_balloc_alloc
                0x0000000000000df8       0x40 Output/Release/Obj/twi_scanner_pca10040/nrf_balloc.o
                0x0000000000000df8                nrf_balloc_alloc
 .text.nrf_balloc_free
                0x0000000000000e38       0x2a Output/Release/Obj/twi_scanner_pca10040/nrf_balloc.o
                0x0000000000000e38                nrf_balloc_free
 .text.nrf_fprintf_buffer_flush
                0x0000000000000e62       0x16 Output/Release/Obj/twi_scanner_pca10040/nrf_fprintf.o
                0x0000000000000e62                nrf_fprintf_buffer_flush
 .text.nrf_fprintf
                0x0000000000000e78       0x1c Output/Release/Obj/twi_scanner_pca10040/nrf_fprintf.o
                0x0000000000000e78                nrf_fprintf
 .text.buffer_add
                0x0000000000000e94       0x1e Output/Release/Obj/twi_scanner_pca10040/nrf_fprintf_format.o
 *fill*         0x0000000000000eb2        0x2 
 .text.unsigned_print
                0x0000000000000eb4       0xb4 Output/Release/Obj/twi_scanner_pca10040/nrf_fprintf_format.o
 .text.nrf_fprintf_fmt
                0x0000000000000f68      0x294 Output/Release/Obj/twi_scanner_pca10040/nrf_fprintf_format.o
                0x0000000000000f68                nrf_fprintf_fmt
 .text.nrf_memobj_pool_init
                0x00000000000011fc        0x4 Output/Release/Obj/twi_scanner_pca10040/nrf_memobj.o
                0x00000000000011fc                nrf_memobj_pool_init
 .text.nrf_memobj_free
                0x0000000000001200       0x2c Output/Release/Obj/twi_scanner_pca10040/nrf_memobj.o
                0x0000000000001200                nrf_memobj_free
 .text.nrf_memobj_alloc
                0x000000000000122c       0x5e Output/Release/Obj/twi_scanner_pca10040/nrf_memobj.o
                0x000000000000122c                nrf_memobj_alloc
 .text.nrf_memobj_get
                0x000000000000128a        0x8 Output/Release/Obj/twi_scanner_pca10040/nrf_memobj.o
                0x000000000000128a                nrf_memobj_get
 .text.nrf_memobj_put
                0x0000000000001292       0x1c Output/Release/Obj/twi_scanner_pca10040/nrf_memobj.o
                0x0000000000001292                nrf_memobj_put
 .text.nrf_memobj_write
                0x00000000000012ae       0x52 Output/Release/Obj/twi_scanner_pca10040/nrf_memobj.o
                0x00000000000012ae                nrf_memobj_write
 .text.nrf_memobj_read
                0x0000000000001300       0x52 Output/Release/Obj/twi_scanner_pca10040/nrf_memobj.o
                0x0000000000001300                nrf_memobj_read
 *fill*         0x0000000000001352        0x2 
 .text.twim_evt_handler
                0x0000000000001354       0x40 Output/Release/Obj/twi_scanner_pca10040/nrf_drv_twi.o
 .text.nrfx_coredep_delay_us.part.0.constprop.0
                0x0000000000001394       0x10 Output/Release/Obj/twi_scanner_pca10040/nrf_drv_twi.o
 .text.nrf_drv_twi_init
                0x00000000000013a4       0xe0 Output/Release/Obj/twi_scanner_pca10040/nrf_drv_twi.o
                0x00000000000013a4                nrf_drv_twi_init
 .text.uarte_evt_handler
                0x0000000000001484       0x34 Output/Release/Obj/twi_scanner_pca10040/nrf_drv_uart.o
 .text.uart_evt_handler
                0x00000000000014b8       0x34 Output/Release/Obj/twi_scanner_pca10040/nrf_drv_uart.o
 .text.nrf_drv_uart_init
                0x00000000000014ec       0x7c Output/Release/Obj/twi_scanner_pca10040/nrf_drv_uart.o
                0x00000000000014ec                nrf_drv_uart_init
 .text.UARTE0_UART0_IRQHandler
                0x0000000000001568        0xc Output/Release/Obj/twi_scanner_pca10040/nrfx_prs.o
                0x0000000000001568                UARTE0_UART0_IRQHandler
 .text.nrfx_prs_acquire
                0x0000000000001574       0x38 Output/Release/Obj/twi_scanner_pca10040/nrfx_prs.o
                0x0000000000001574                nrfx_prs_acquire
 .text.nrfx_prs_release
                0x00000000000015ac       0x18 Output/Release/Obj/twi_scanner_pca10040/nrfx_prs.o
                0x00000000000015ac                nrfx_prs_release
 .text.nrf_twim_event_clear
                0x00000000000015c4       0x10 Output/Release/Obj/twi_scanner_pca10040/nrfx_twim.o
 .text.twim_irq_handler
                0x00000000000015d4      0x124 Output/Release/Obj/twi_scanner_pca10040/nrfx_twim.o
 .text.SPIM0_SPIS0_TWIM0_TWIS0_SPI0_TWI0_IRQHandler
                0x00000000000016f8       0x10 Output/Release/Obj/twi_scanner_pca10040/nrfx_twim.o
                0x00000000000016f8                SPIM0_SPIS0_TWIM0_TWIS0_SPI0_TWI0_IRQHandler
 .text.SPIM1_SPIS1_TWIM1_TWIS1_SPI1_TWI1_IRQHandler
                0x0000000000001708       0x10 Output/Release/Obj/twi_scanner_pca10040/nrfx_twim.o
                0x0000000000001708                SPIM1_SPIS1_TWIM1_TWIS1_SPI1_TWI1_IRQHandler
 .text.nrfx_twim_init
                0x0000000000001718       0xf4 Output/Release/Obj/twi_scanner_pca10040/nrfx_twim.o
                0x0000000000001718                nrfx_twim_init
 .text.nrfx_twim_enable
                0x000000000000180c       0x20 Output/Release/Obj/twi_scanner_pca10040/nrfx_twim.o
                0x000000000000180c                nrfx_twim_enable
 .text.nrfx_twim_xfer
                0x000000000000182c      0x278 Output/Release/Obj/twi_scanner_pca10040/nrfx_twim.o
                0x000000000000182c                nrfx_twim_xfer
 .text.nrfx_twim_tx
                0x0000000000001aa4       0x36 Output/Release/Obj/twi_scanner_pca10040/nrfx_twim.o
                0x0000000000001aa4                nrfx_twim_tx
 .text.nrfx_twim_rx
                0x0000000000001ada       0x32 Output/Release/Obj/twi_scanner_pca10040/nrfx_twim.o
                0x0000000000001ada                nrfx_twim_rx
 .text.nrf_uart_event_clear
                0x0000000000001b0c       0x10 Output/Release/Obj/twi_scanner_pca10040/nrfx_uart.o
 .text.tx_byte  0x0000000000001b1c       0x1e Output/Release/Obj/twi_scanner_pca10040/nrfx_uart.o
 .text.rx_byte  0x0000000000001b3a       0x2c Output/Release/Obj/twi_scanner_pca10040/nrfx_uart.o
 *fill*         0x0000000000001b66        0x2 
 .text.rx_done_event.constprop.0
                0x0000000000001b68       0x20 Output/Release/Obj/twi_scanner_pca10040/nrfx_uart.o
 .text.nrfx_uart_0_irq_handler
                0x0000000000001b88      0x140 Output/Release/Obj/twi_scanner_pca10040/nrfx_uart.o
                0x0000000000001b88                nrfx_uart_0_irq_handler
 .text.nrfx_uart_init
                0x0000000000001cc8      0x17c Output/Release/Obj/twi_scanner_pca10040/nrfx_uart.o
                0x0000000000001cc8                nrfx_uart_init
 .text.nrfx_uart_uninit
                0x0000000000001e44       0xc4 Output/Release/Obj/twi_scanner_pca10040/nrfx_uart.o
                0x0000000000001e44                nrfx_uart_uninit
 .text.nrfx_uart_tx_in_progress
                0x0000000000001f08       0x18 Output/Release/Obj/twi_scanner_pca10040/nrfx_uart.o
                0x0000000000001f08                nrfx_uart_tx_in_progress
 .text.nrfx_uart_tx
                0x0000000000001f20       0x9c Output/Release/Obj/twi_scanner_pca10040/nrfx_uart.o
                0x0000000000001f20                nrfx_uart_tx
 .text.nrf_uarte_event_clear
                0x0000000000001fbc       0x10 Output/Release/Obj/twi_scanner_pca10040/nrfx_uarte.o
 .text.rx_done_event.constprop.0
                0x0000000000001fcc       0x24 Output/Release/Obj/twi_scanner_pca10040/nrfx_uarte.o
 .text.nrfx_uarte_0_irq_handler
                0x0000000000001ff0       0xe8 Output/Release/Obj/twi_scanner_pca10040/nrfx_uarte.o
                0x0000000000001ff0                nrfx_uarte_0_irq_handler
 .text.nrfx_uarte_init
                0x00000000000020d8      0x18c Output/Release/Obj/twi_scanner_pca10040/nrfx_uarte.o
                0x00000000000020d8                nrfx_uarte_init
 .text.nrfx_uarte_uninit
                0x0000000000002264       0xc4 Output/Release/Obj/twi_scanner_pca10040/nrfx_uarte.o
                0x0000000000002264                nrfx_uarte_uninit
 .text.nrfx_uarte_tx_in_progress
                0x0000000000002328       0x18 Output/Release/Obj/twi_scanner_pca10040/nrfx_uarte.o
                0x0000000000002328                nrfx_uarte_tx_in_progress
 .text.nrfx_uarte_tx
                0x0000000000002340       0x90 Output/Release/Obj/twi_scanner_pca10040/nrfx_uarte.o
                0x0000000000002340                nrfx_uarte_tx
 .text.nrf_delay_ms.part.0
                0x00000000000023d0       0x1c Output/Release/Obj/twi_scanner_pca10040/main.o
 .text.startup.main
                0x00000000000023ec      0x15c Output/Release/Obj/twi_scanner_pca10040/main.o
                0x00000000000023ec                main
 .text._GetAvailWriteSpace
                0x0000000000002548       0x12 Output/Release/Obj/twi_scanner_pca10040/SEGGER_RTT.o
 .text._WriteNoCheck
                0x000000000000255a       0x38 Output/Release/Obj/twi_scanner_pca10040/SEGGER_RTT.o
 .text._WriteBlocking
                0x0000000000002592       0x52 Output/Release/Obj/twi_scanner_pca10040/SEGGER_RTT.o
 .text._DoInit  0x00000000000025e4       0x60 Output/Release/Obj/twi_scanner_pca10040/SEGGER_RTT.o
 .text.SEGGER_RTT_WriteNoLock
                0x0000000000002644       0x60 Output/Release/Obj/twi_scanner_pca10040/SEGGER_RTT.o
                0x0000000000002644                SEGGER_RTT_WriteNoLock
 .text.SEGGER_RTT_Write
                0x00000000000026a4       0x34 Output/Release/Obj/twi_scanner_pca10040/SEGGER_RTT.o
                0x00000000000026a4                SEGGER_RTT_Write
 .text.printf   0x00000000000026d8       0x3a Output/Release/Obj/twi_scanner_pca10040/SEGGER_RTT_Syscalls_SES.o
                0x00000000000026d8                printf
 .text.errata_12
                0x0000000000002712       0x36 Output/Release/Obj/twi_scanner_pca10040/system_nrf52.o
 .text.errata_16
                0x0000000000002748       0x2a Output/Release/Obj/twi_scanner_pca10040/system_nrf52.o
 *fill*         0x0000000000002772        0x2 
 .text.SystemInit
                0x0000000000002774      0x25c Output/Release/Obj/twi_scanner_pca10040/system_nrf52.o
                0x0000000000002774                SystemInit
 .text.twi_init
                0x00000000000029d0       0x3c Output/Release/Obj/twi_scanner_pca10040/mma7660.o
                0x00000000000029d0                twi_init
 .text.mma7660_register_write
                0x0000000000002a0c       0x40 Output/Release/Obj/twi_scanner_pca10040/mma7660.o
                0x0000000000002a0c                mma7660_register_write
 .text.mma7660_register_read
                0x0000000000002a4c       0x48 Output/Release/Obj/twi_scanner_pca10040/mma7660.o
                0x0000000000002a4c                mma7660_register_read
 .text.mma7660_init
                0x0000000000002a94       0x1e Output/Release/Obj/twi_scanner_pca10040/mma7660.o
                0x0000000000002a94                mma7660_init
 *fill*         0x0000000000002ab2        0x2 
 .text.MMA7660_ReadCord
                0x0000000000002ab4       0x74 Output/Release/Obj/twi_scanner_pca10040/mma7660.o
                0x0000000000002ab4                MMA7660_ReadCord
 .text.libc.__RAL_ascii_isctype
                0x0000000000002b28       0x1c /usr/share/segger_embedded_studio_for_arm_5.68/lib/libc_v7em_fpv4_sp_d16_hard_t_le_eabi.a(libc2.o)
 .text.libc.__RAL_ascii_toupper
                0x0000000000002b44        0xc /usr/share/segger_embedded_studio_for_arm_5.68/lib/libc_v7em_fpv4_sp_d16_hard_t_le_eabi.a(libc2.o)
 .text.libc.__RAL_ascii_tolower
                0x0000000000002b50        0xc /usr/share/segger_embedded_studio_for_arm_5.68/lib/libc_v7em_fpv4_sp_d16_hard_t_le_eabi.a(libc2.o)
 .text.libc.__RAL_ascii_wctomb
                0x0000000000002b5c       0x10 /usr/share/segger_embedded_studio_for_arm_5.68/lib/libc_v7em_fpv4_sp_d16_hard_t_le_eabi.a(libc2.o)
                0x0000000000002b5c                __RAL_ascii_wctomb
 .text.libc.__RAL_ascii_mbtowc
                0x0000000000002b6c       0x24 /usr/share/segger_embedded_studio_for_arm_5.68/lib/libc_v7em_fpv4_sp_d16_hard_t_le_eabi.a(libc2.o)
                0x0000000000002b6c                __RAL_ascii_mbtowc
 .text.libc.__RAL_ascii_towupper
                0x0000000000002b90        0xc /usr/share/segger_embedded_studio_for_arm_5.68/lib/libc_v7em_fpv4_sp_d16_hard_t_le_eabi.a(libc2.o)
 .text.libc.__RAL_ascii_towlower
                0x0000000000002b9c        0xc /usr/share/segger_embedded_studio_for_arm_5.68/lib/libc_v7em_fpv4_sp_d16_hard_t_le_eabi.a(libc2.o)
 .text.libc.__RAL_ascii_iswctype
                0x0000000000002ba8       0x1c /usr/share/segger_embedded_studio_for_arm_5.68/lib/libc_v7em_fpv4_sp_d16_hard_t_le_eabi.a(libc2.o)
 .text.libc.__putc
                0x0000000000002bc4       0x34 /usr/share/segger_embedded_studio_for_arm_5.68/lib/libc_v7em_fpv4_sp_d16_hard_t_le_eabi.a(libc2.o)
                0x0000000000002bc4                __putc
 .text.libc.__RAL_print_padding
                0x0000000000002bf8       0x54 /usr/share/segger_embedded_studio_for_arm_5.68/lib/libc_v7em_fpv4_sp_d16_hard_t_le_eabi.a(libc2.o)
                0x0000000000002bf8                __RAL_print_padding
 .text.libc.__RAL_pre_padding
                0x0000000000002c4c       0x64 /usr/share/segger_embedded_studio_for_arm_5.68/lib/libc_v7em_fpv4_sp_d16_hard_t_le_eabi.a(libc2.o)
                0x0000000000002c4c                __RAL_pre_padding
 .text.libc.isprint
                0x0000000000002cb0       0x10 /usr/share/segger_embedded_studio_for_arm_5.68/lib/libc_v7em_fpv4_sp_d16_hard_t_le_eabi.a(libc2.o)
                0x0000000000002cb0                isprint
 .text.libc.strnlen
                0x0000000000002cc0       0x28 /usr/share/segger_embedded_studio_for_arm_5.68/lib/libc_v7em_fpv4_sp_d16_hard_t_le_eabi.a(libc2.o)
                0x0000000000002cc0                strnlen
 .text.libc.vsnprintf
                0x0000000000002ce8       0x20 /usr/share/segger_embedded_studio_for_arm_5.68/lib/libc_v7em_fpv4_sp_d16_hard_t_le_eabi.a(libc2.o)
                0x0000000000002ce8                vsnprintf
 .text.libc.memcpy
                0x0000000000002d08       0x52 /usr/share/segger_embedded_studio_for_arm_5.68/lib/libc_v7em_fpv4_sp_d16_hard_t_le_eabi.a(libc2_asm.o)
                0x0000000000002d08                memcpy
                0x0000000000002d08                __aeabi_memcpy
                0x0000000000002d14                __aeabi_memcpy4
                0x0000000000002d14                __aeabi_memcpy8
 .text.libc.memset
                0x0000000000002d5a       0x66 /usr/share/segger_embedded_studio_for_arm_5.68/lib/libc_v7em_fpv4_sp_d16_hard_t_le_eabi.a(libc2_asm.o)
                0x0000000000002d5a                memset
 .text.libc.strcpy
                0x0000000000002dc0       0x44 /usr/share/segger_embedded_studio_for_arm_5.68/lib/libc_v7em_fpv4_sp_d16_hard_t_le_eabi.a(libc2_asm.o)
                0x0000000000002dc0                strcpy
 .text.libc.strlen
                0x0000000000002e04       0x60 /usr/share/segger_embedded_studio_for_arm_5.68/lib/libc_v7em_fpv4_sp_d16_hard_t_le_eabi.a(libc2_asm.o)
                0x0000000000002e04                strlen
 .text.libc.__vfprintf_long
                0x0000000000002e64      0x5fc /usr/share/segger_embedded_studio_for_arm_5.68/lib/libc_v7em_fpv4_sp_d16_hard_t_le_eabi.a(libvfprintf.o)
                0x0000000000002e64                __vfprintf_long
                0x0000000000003460                __text_end__ = (__text_start__ + SIZEOF (.text))
                0x0000000000003170                __text_size__ = SIZEOF (.text)
                0x0000000000003460                __text_load_end__ = __text_end__

.vfp11_veneer   0x0000000100000000        0x0
 .vfp11_veneer  0x0000000100000000        0x0 linker stubs

.v4_bx          0x0000000100000000        0x0
 .v4_bx         0x0000000100000000        0x0 linker stubs

.iplt           0x0000000100000000        0x0
 .iplt          0x0000000100000000        0x0 Output/Release/Obj/twi_scanner_pca10040/thumb_crt0.o
                0x0000000000000001                . = ASSERT (((__text_start__ == __text_end__) || ((__text_end__ - __FLASH_segment_start__) <= __FLASH_segment_size__)), error: .text is too large to fit in FLASH memory segment)
                0x0000000000003460                __log_const_data_load_start__ = ALIGN (__text_end__, 0x4)

.log_const_data
                0x0000000000003460       0x30
                0x0000000000003460                __log_const_data_start__ = .
                0x0000000000003460                __start_log_const_data = __log_const_data_start__
 *(SORT_BY_NAME(.log_const_data*))
 .log_const_data_PRS
                0x0000000000003460        0x8 Output/Release/Obj/twi_scanner_pca10040/nrfx_prs.o
                0x0000000000003460                m_nrf_log_PRS_logs_data_const
 .log_const_data_TWIM
                0x0000000000003468        0x8 Output/Release/Obj/twi_scanner_pca10040/nrfx_twim.o
                0x0000000000003468                m_nrf_log_TWIM_logs_data_const
 .log_const_data_UART
                0x0000000000003470        0x8 Output/Release/Obj/twi_scanner_pca10040/nrfx_uart.o
                0x0000000000003470                m_nrf_log_UART_logs_data_const
 .log_const_data_UARTE
                0x0000000000003478        0x8 Output/Release/Obj/twi_scanner_pca10040/nrfx_uarte.o
                0x0000000000003478                m_nrf_log_UARTE_logs_data_const
 .log_const_data_app
                0x0000000000003480        0x8 Output/Release/Obj/twi_scanner_pca10040/nrf_log_frontend.o
                0x0000000000003480                m_nrf_log_app_logs_data_const
 .log_const_data_balloc_log_mempool
                0x0000000000003488        0x8 Output/Release/Obj/twi_scanner_pca10040/nrf_log_frontend.o
                0x0000000000003488                m_nrf_log_balloc_log_mempool_logs_data_const
                0x0000000000003490                __log_const_data_end__ = (__log_const_data_start__ + SIZEOF (.log_const_data))
                0x0000000000000030                __log_const_data_size__ = SIZEOF (.log_const_data)
                0x0000000000003490                __stop_log_const_data = __log_const_data_end__
                0x0000000000003490                __log_const_data_load_end__ = __log_const_data_end__
                0x0000000000000001                . = ASSERT (((__log_const_data_start__ == __log_const_data_end__) || ((__log_const_data_end__ - __FLASH_segment_start__) <= __FLASH_segment_size__)), error: .log_const_data is too large to fit in FLASH memory segment)
                0x0000000000003490                __nrf_balloc_load_start__ = ALIGN (__log_const_data_end__, 0x4)

.nrf_balloc     0x0000000000003490       0x18
                0x0000000000003490                __nrf_balloc_start__ = .
                0x0000000000003490                __start_nrf_balloc = __nrf_balloc_start__
 *(.nrf_balloc*)
 .nrf_balloc    0x0000000000003490       0x18 Output/Release/Obj/twi_scanner_pca10040/nrf_log_frontend.o
                0x0000000000003490                log_mempool
                0x00000000000034a8                __nrf_balloc_end__ = (__nrf_balloc_start__ + SIZEOF (.nrf_balloc))
                0x0000000000000018                __nrf_balloc_size__ = SIZEOF (.nrf_balloc)
                0x00000000000034a8                __stop_nrf_balloc = __nrf_balloc_end__
                0x00000000000034a8                __nrf_balloc_load_end__ = __nrf_balloc_end__
                0x0000000000000001                . = ASSERT (((__nrf_balloc_start__ == __nrf_balloc_end__) || ((__nrf_balloc_end__ - __FLASH_segment_start__) <= __FLASH_segment_size__)), error: .nrf_balloc is too large to fit in FLASH memory segment)
                0x00000000000034a8                __nrf_sections_load_start__ = ALIGN (__nrf_balloc_end__, 0x4)

.nrf_sections   0x00000000000034a8        0x0
                0x00000000000034a8                __nrf_sections_start__ = .
                0x00000000000034a8                __start_nrf_sections = __nrf_sections_start__
 *(.nrf_sections .nrf_sections.*)
                0x00000000000034a8                __nrf_sections_end__ = (__nrf_sections_start__ + SIZEOF (.nrf_sections))
                0x0000000000000000                __nrf_sections_size__ = SIZEOF (.nrf_sections)
                0x00000000000034a8                __nrf_sections_load_end__ = __nrf_sections_end__
                0x0000000000000001                . = ASSERT (((__nrf_sections_start__ == __nrf_sections_end__) || ((__nrf_sections_end__ - __FLASH_segment_start__) <= __FLASH_segment_size__)), error: .nrf_sections is too large to fit in FLASH memory segment)
                0x00000000000034a8                __log_dynamic_data_load_start__ = ALIGN (__nrf_sections_end__, 0x4)

.log_dynamic_data
                0x0000000020000000       0x18 load address 0x00000000000034a8
                0x0000000020000000                __log_dynamic_data_start__ = .
 *(SORT_BY_NAME(.log_dynamic_data*))
 .log_dynamic_data_PRS
                0x0000000020000000        0x4 Output/Release/Obj/twi_scanner_pca10040/nrfx_prs.o
                0x0000000020000000                m_nrf_log_PRS_logs_data_dynamic
 .log_dynamic_data_TWIM
                0x0000000020000004        0x4 Output/Release/Obj/twi_scanner_pca10040/nrfx_twim.o
                0x0000000020000004                m_nrf_log_TWIM_logs_data_dynamic
 .log_dynamic_data_UART
                0x0000000020000008        0x4 Output/Release/Obj/twi_scanner_pca10040/nrfx_uart.o
                0x0000000020000008                m_nrf_log_UART_logs_data_dynamic
 .log_dynamic_data_UARTE
                0x000000002000000c        0x4 Output/Release/Obj/twi_scanner_pca10040/nrfx_uarte.o
                0x000000002000000c                m_nrf_log_UARTE_logs_data_dynamic
 .log_dynamic_data_app
                0x0000000020000010        0x4 Output/Release/Obj/twi_scanner_pca10040/nrf_log_frontend.o
                0x0000000020000010                m_nrf_log_app_logs_data_dynamic
 .log_dynamic_data_balloc_log_mempool
                0x0000000020000014        0x4 Output/Release/Obj/twi_scanner_pca10040/nrf_log_frontend.o
                0x0000000020000014                m_nrf_log_balloc_log_mempool_logs_data_dynamic
                0x0000000020000018                __log_dynamic_data_end__ = (__log_dynamic_data_start__ + SIZEOF (.log_dynamic_data))
                0x0000000000000018                __log_dynamic_data_size__ = SIZEOF (.log_dynamic_data)
                0x00000000000034c0                __log_dynamic_data_load_end__ = (__log_dynamic_data_load_start__ + SIZEOF (.log_dynamic_data))
                0x0000000000000001                . = ASSERT (((__log_dynamic_data_load_start__ == __log_dynamic_data_load_end__) || ((__log_dynamic_data_load_end__ - __FLASH_segment_start__) <= __FLASH_segment_size__)), error: .log_dynamic_data is too large to fit in FLASH memory segment)

.log_dynamic_data_run
                0x0000000020000000        0x0
                0x0000000020000000                __log_dynamic_data_run_start__ = .
                0x0000000020000000                __start_log_dynamic_data = __log_dynamic_data_run_start__
                0x0000000020000018                __log_dynamic_data_run_end__ = (__log_dynamic_data_run_start__ + SIZEOF (.log_dynamic_data))
                0x0000000000000018                __log_dynamic_data_run_size__ = (__log_dynamic_data_run_end__ - __log_dynamic_data_run_start__)
                0x0000000020000018                __stop_log_dynamic_data = __log_dynamic_data_run_end__
                0x0000000020000018                __log_dynamic_data_run_load_end__ = __log_dynamic_data_run_end__
                0x0000000000000001                . = ASSERT (((__log_dynamic_data_run_start__ == __log_dynamic_data_run_end__) || ((__log_dynamic_data_run_end__ - __RAM_segment_start__) <= __RAM_segment_size__)), error: .log_dynamic_data_run is too large to fit in RAM memory segment)
                0x0000000020000018                __nrf_sections_run_end_load_start__ = ALIGN (__log_dynamic_data_run_end__, 0x4)

.nrf_sections_run_end
                0x0000000020000018        0x0
                0x0000000020000018                __nrf_sections_run_end_start__ = .
                0x0000000020000018                __end_nrf_sections_run = __nrf_sections_run_end_start__
 *(.nrf_sections_run_end .nrf_sections_run_end.*)
                0x0000000020000018                __nrf_sections_run_end_end__ = (__nrf_sections_run_end_start__ + SIZEOF (.nrf_sections_run_end))
                0x0000000000000000                __nrf_sections_run_end_size__ = SIZEOF (.nrf_sections_run_end)
                0x0000000020000018                __nrf_sections_run_end_load_end__ = __nrf_sections_run_end_end__
                0x0000000000000001                . = ASSERT (((__nrf_sections_run_end_start__ == __nrf_sections_run_end_end__) || ((__nrf_sections_run_end_end__ - __RAM_segment_start__) <= __RAM_segment_size__)), error: .nrf_sections_run_end is too large to fit in RAM memory segment)
                0x00000000000034c0                __dtors_load_start__ = ALIGN ((__log_dynamic_data_load_start__ + SIZEOF (.log_dynamic_data)), 0x4)

.dtors          0x00000000000034c0        0x0
                0x00000000000034c0                __dtors_start__ = .
 *(SORT_BY_NAME(.dtors.*))
 *(.dtors)
 *(.fini_array)
 *(SORT_BY_NAME(.fini_array.*))
                0x00000000000034c0                __dtors_end__ = (__dtors_start__ + SIZEOF (.dtors))
                0x0000000000000000                __dtors_size__ = SIZEOF (.dtors)
                0x00000000000034c0                __dtors_load_end__ = __dtors_end__
                0x0000000000000001                . = ASSERT (((__dtors_start__ == __dtors_end__) || ((__dtors_end__ - __FLASH_segment_start__) <= __FLASH_segment_size__)), error: .dtors is too large to fit in FLASH memory segment)
                0x00000000000034c0                __ctors_load_start__ = ALIGN (__dtors_end__, 0x4)

.ctors          0x00000000000034c0        0x0
                0x00000000000034c0                __ctors_start__ = .
 *(SORT_BY_NAME(.ctors.*))
 *(.ctors)
 *(.init_array)
 *(SORT_BY_NAME(.init_array.*))
                0x00000000000034c0                __ctors_end__ = (__ctors_start__ + SIZEOF (.ctors))
                0x0000000000000000                __ctors_size__ = SIZEOF (.ctors)
                0x00000000000034c0                __ctors_load_end__ = __ctors_end__
                0x0000000000000001                . = ASSERT (((__ctors_start__ == __ctors_end__) || ((__ctors_end__ - __FLASH_segment_start__) <= __FLASH_segment_size__)), error: .ctors is too large to fit in FLASH memory segment)
                0x00000000000034c0                __rodata_load_start__ = ALIGN (__ctors_end__, 0x4)

.rodata         0x00000000000034c0      0x53b
                0x00000000000034c0                __rodata_start__ = .
 *(.rodata .rodata.* .gnu.linkonce.r.*)
 .rodata        0x00000000000034c0       0x20 Output/Release/Obj/twi_scanner_pca10040/nrf_log_backend_uart.o
 .rodata.nrf_log_backend_uart_api
                0x00000000000034e0        0xc Output/Release/Obj/twi_scanner_pca10040/nrf_log_backend_uart.o
                0x00000000000034e0                nrf_log_backend_uart_api
 .rodata.nrf_log_frontend_dequeue.str1.1
                0x00000000000034ec       0x11 Output/Release/Obj/twi_scanner_pca10040/nrf_log_frontend.o
 .rodata.str1.1
                0x00000000000034fd       0x17 Output/Release/Obj/twi_scanner_pca10040/nrf_log_frontend.o
 .rodata.prefix_process.str1.1
                0x0000000000003514       0x32 Output/Release/Obj/twi_scanner_pca10040/nrf_log_str_formatter.o
 .rodata.postfix_process.str1.1
                0x0000000000003546       0x32 Output/Release/Obj/twi_scanner_pca10040/nrf_log_str_formatter.o
                                          0x3 (size before relaxing)
 .rodata.nrf_log_hexdump_entry_process.str1.1
                0x0000000000003546        0xf Output/Release/Obj/twi_scanner_pca10040/nrf_log_str_formatter.o
                                         0x11 (size before relaxing)
 .rodata.str1.1
                0x0000000000003555       0x4b Output/Release/Obj/twi_scanner_pca10040/nrf_log_str_formatter.o
                                         0x51 (size before relaxing)
 .rodata.m_colors
                0x00000000000035a0       0x24 Output/Release/Obj/twi_scanner_pca10040/nrf_log_str_formatter.o
 .rodata.severity_names
                0x00000000000035c4       0x14 Output/Release/Obj/twi_scanner_pca10040/nrf_log_str_formatter.o
 .rodata.app_error_fault_handler.str1.1
                0x00000000000035d8       0x19 Output/Release/Obj/twi_scanner_pca10040/app_error_weak.o
 .rodata._aV2C.0
                0x00000000000035f1       0x10 Output/Release/Obj/twi_scanner_pca10040/nrf_fprintf_format.o
 *fill*         0x0000000000003601        0xf 
 .rodata.delay_bytecode.0
                0x0000000000003610        0x6 Output/Release/Obj/twi_scanner_pca10040/nrf_drv_twi.o
 .rodata.str1.1
                0x0000000000003616        0x4 Output/Release/Obj/twi_scanner_pca10040/nrfx_prs.o
 .rodata.str1.1
                0x000000000000361a        0x5 Output/Release/Obj/twi_scanner_pca10040/nrfx_twim.o
 *fill*         0x000000000000361f        0x1 
 .rodata.irq_handlers.0
                0x0000000000003620        0x8 Output/Release/Obj/twi_scanner_pca10040/nrfx_twim.o
 .rodata.str1.1
                0x0000000000003628        0x5 Output/Release/Obj/twi_scanner_pca10040/nrfx_uart.o
 .rodata.str1.1
                0x000000000000362d        0x6 Output/Release/Obj/twi_scanner_pca10040/nrfx_uarte.o
 .rodata.main.str1.1
                0x0000000000003633      0x10e Output/Release/Obj/twi_scanner_pca10040/main.o
 *fill*         0x0000000000003741        0xf 
 .rodata.delay_bytecode.0
                0x0000000000003750        0x6 Output/Release/Obj/twi_scanner_pca10040/main.o
 *fill*         0x0000000000003756        0x2 
 .rodata.m_twi  0x0000000000003758       0x10 Output/Release/Obj/twi_scanner_pca10040/main.o
 .rodata._DoInit.str1.1
                0x0000000000003768       0x14 Output/Release/Obj/twi_scanner_pca10040/SEGGER_RTT.o
 .rodata.mma7660_register_write.str1.1
                0x000000000000377c        0x3 Output/Release/Obj/twi_scanner_pca10040/mma7660.o
 .rodata        0x000000000000377f        0x3 Output/Release/Obj/twi_scanner_pca10040/mma7660.o
 *fill*         0x0000000000003782        0x2 
 .rodata.m_twi  0x0000000000003784       0x10 Output/Release/Obj/twi_scanner_pca10040/mma7660.o
 .rodata.libc.__RAL_find_locale.str1.4
                0x0000000000003794        0xa /usr/share/segger_embedded_studio_for_arm_5.68/lib/libc_v7em_fpv4_sp_d16_hard_t_le_eabi.a(libc2.o)
 *fill*         0x000000000000379e        0x2 
 .rodata.libc.__RAL_ascii_ctype_map
                0x00000000000037a0       0x80 /usr/share/segger_embedded_studio_for_arm_5.68/lib/libc_v7em_fpv4_sp_d16_hard_t_le_eabi.a(libc2.o)
                0x00000000000037a0                __RAL_ascii_ctype_map
 .rodata.libc.__RAL_ascii_ctype_mask
                0x0000000000003820        0xd /usr/share/segger_embedded_studio_for_arm_5.68/lib/libc_v7em_fpv4_sp_d16_hard_t_le_eabi.a(libc2.o)
 *fill*         0x000000000000382d        0x3 
 .rodata.libc.__RAL_c_locale
                0x0000000000003830        0xc /usr/share/segger_embedded_studio_for_arm_5.68/lib/libc_v7em_fpv4_sp_d16_hard_t_le_eabi.a(libc2.o)
                0x0000000000003830                __RAL_c_locale
 .rodata.libc.__RAL_c_locale_abbrev_day_names
                0x000000000000383c       0x1d /usr/share/segger_embedded_studio_for_arm_5.68/lib/libc_v7em_fpv4_sp_d16_hard_t_le_eabi.a(libc2.o)
                0x000000000000383c                __RAL_c_locale_abbrev_day_names
 *fill*         0x0000000000003859        0x3 
 .rodata.libc.__RAL_c_locale_abbrev_month_names
                0x000000000000385c       0x31 /usr/share/segger_embedded_studio_for_arm_5.68/lib/libc_v7em_fpv4_sp_d16_hard_t_le_eabi.a(libc2.o)
                0x000000000000385c                __RAL_c_locale_abbrev_month_names
 *fill*         0x000000000000388d        0x3 
 .rodata.libc.__RAL_c_locale_am_pm_indicator
                0x0000000000003890        0x7 /usr/share/segger_embedded_studio_for_arm_5.68/lib/libc_v7em_fpv4_sp_d16_hard_t_le_eabi.a(libc2.o)
                0x0000000000003890                __RAL_c_locale_am_pm_indicator
 *fill*         0x0000000000003897        0x1 
 .rodata.libc.__RAL_c_locale_data
                0x0000000000003898       0x58 /usr/share/segger_embedded_studio_for_arm_5.68/lib/libc_v7em_fpv4_sp_d16_hard_t_le_eabi.a(libc2.o)
                0x0000000000003898                __RAL_c_locale_data
 .rodata.libc.__RAL_c_locale_date_format
                0x00000000000038f0        0x9 /usr/share/segger_embedded_studio_for_arm_5.68/lib/libc_v7em_fpv4_sp_d16_hard_t_le_eabi.a(libc2.o)
                0x00000000000038f0                __RAL_c_locale_date_format
 *fill*         0x00000000000038f9        0x3 
 .rodata.libc.__RAL_c_locale_date_time_format
                0x00000000000038fc        0xf /usr/share/segger_embedded_studio_for_arm_5.68/lib/libc_v7em_fpv4_sp_d16_hard_t_le_eabi.a(libc2.o)
                0x00000000000038fc                __RAL_c_locale_date_time_format
 *fill*         0x000000000000390b        0x1 
 .rodata.libc.__RAL_c_locale_day_names
                0x000000000000390c       0x3a /usr/share/segger_embedded_studio_for_arm_5.68/lib/libc_v7em_fpv4_sp_d16_hard_t_le_eabi.a(libc2.o)
                0x000000000000390c                __RAL_c_locale_day_names
 *fill*         0x0000000000003946        0x2 
 .rodata.libc.__RAL_c_locale_month_names
                0x0000000000003948       0x57 /usr/share/segger_embedded_studio_for_arm_5.68/lib/libc_v7em_fpv4_sp_d16_hard_t_le_eabi.a(libc2.o)
                0x0000000000003948                __RAL_c_locale_month_names
 *fill*         0x000000000000399f        0x1 
 .rodata.libc.__RAL_c_locale_time_format
                0x00000000000039a0        0x9 /usr/share/segger_embedded_studio_for_arm_5.68/lib/libc_v7em_fpv4_sp_d16_hard_t_le_eabi.a(libc2.o)
                0x00000000000039a0                __RAL_c_locale_time_format
 *fill*         0x00000000000039a9        0x3 
 .rodata.libc.__RAL_codeset_ascii
                0x00000000000039ac       0x20 /usr/share/segger_embedded_studio_for_arm_5.68/lib/libc_v7em_fpv4_sp_d16_hard_t_le_eabi.a(libc2.o)
                0x00000000000039ac                __RAL_codeset_ascii
 .rodata.libc.__RAL_data_empty_string
                0x00000000000039cc        0x1 /usr/share/segger_embedded_studio_for_arm_5.68/lib/libc_v7em_fpv4_sp_d16_hard_t_le_eabi.a(libc2.o)
                0x00000000000039cc                __RAL_data_empty_string
 *fill*         0x00000000000039cd        0x3 
 .rodata.libc.__RAL_data_utf8_period
                0x00000000000039d0        0x2 /usr/share/segger_embedded_studio_for_arm_5.68/lib/libc_v7em_fpv4_sp_d16_hard_t_le_eabi.a(libc2.o)
                0x00000000000039d0                __RAL_data_utf8_period
 *fill*         0x00000000000039d2        0x2 
 .rodata.libc.__RAL_hex_lc
                0x00000000000039d4       0x10 /usr/share/segger_embedded_studio_for_arm_5.68/lib/libc_v7em_fpv4_sp_d16_hard_t_le_eabi.a(libc2.o)
                0x00000000000039d4                __RAL_hex_lc
 .rodata.libc.__RAL_hex_uc
                0x00000000000039e4       0x10 /usr/share/segger_embedded_studio_for_arm_5.68/lib/libc_v7em_fpv4_sp_d16_hard_t_le_eabi.a(libc2.o)
                0x00000000000039e4                __RAL_hex_uc
 .rodata.libc.__vfprintf_int.str1.4
                0x00000000000039f4        0x7 /usr/share/segger_embedded_studio_for_arm_5.68/lib/libc_v7em_fpv4_sp_d16_hard_t_le_eabi.a(libvfprintf.o)
                0x00000000000039fb                __rodata_end__ = (__rodata_start__ + SIZEOF (.rodata))
                0x000000000000053b                __rodata_size__ = SIZEOF (.rodata)
                0x00000000000039fb                __rodata_load_end__ = __rodata_end__

.rel.dyn        0x00000000000039fc        0x0
 .rel.iplt      0x00000000000039fc        0x0 Output/Release/Obj/twi_scanner_pca10040/thumb_crt0.o
                0x0000000000000001                . = ASSERT (((__rodata_start__ == __rodata_end__) || ((__rodata_end__ - __FLASH_segment_start__) <= __FLASH_segment_size__)), error: .rodata is too large to fit in FLASH memory segment)
                0x00000000000039fc                __ARM.exidx_load_start__ = ALIGN (__rodata_end__, 0x4)

.ARM.exidx      0x00000000000039fc        0x0
                0x00000000000039fc                __ARM.exidx_start__ = .
                0x00000000000039fc                __exidx_start = __ARM.exidx_start__
 *(.ARM.exidx .ARM.exidx.*)
                0x00000000000039fc                __ARM.exidx_end__ = (__ARM.exidx_start__ + SIZEOF (.ARM.exidx))
                0x0000000000000000                __ARM.exidx_size__ = SIZEOF (.ARM.exidx)
                0x00000000000039fc                __exidx_end = __ARM.exidx_end__
                0x00000000000039fc                __ARM.exidx_load_end__ = __ARM.exidx_end__
                0x0000000000000001                . = ASSERT (((__ARM.exidx_start__ == __ARM.exidx_end__) || ((__ARM.exidx_end__ - __FLASH_segment_start__) <= __FLASH_segment_size__)), error: .ARM.exidx is too large to fit in FLASH memory segment)
                0x00000000000039fc                __fast_load_start__ = ALIGN (__ARM.exidx_end__, 0x4)

.fast           0x0000000020000018        0x0 load address 0x00000000000039fc
                0x0000000020000018                __fast_start__ = .
 *(.fast .fast.*)
                0x0000000020000018                __fast_end__ = (__fast_start__ + SIZEOF (.fast))
                0x0000000000000000                __fast_size__ = SIZEOF (.fast)
                0x00000000000039fc                __fast_load_end__ = (__fast_load_start__ + SIZEOF (.fast))
                0x0000000000000001                . = ASSERT (((__fast_load_start__ == __fast_load_end__) || ((__fast_load_end__ - __FLASH_segment_start__) <= __FLASH_segment_size__)), error: .fast is too large to fit in FLASH memory segment)

.fast_run       0x0000000020000018        0x0
                0x0000000020000018                __fast_run_start__ = .
                0x0000000020000018                __fast_run_end__ = (__fast_run_start__ + SIZEOF (.fast))
                0x0000000000000000                __fast_run_size__ = (__fast_run_end__ - __fast_run_start__)
                0x0000000020000018                __fast_run_load_end__ = __fast_run_end__
                0x0000000000000001                . = ASSERT (((__fast_run_start__ == __fast_run_end__) || ((__fast_run_end__ - __RAM_segment_start__) <= __RAM_segment_size__)), error: .fast_run is too large to fit in RAM memory segment)
                0x00000000000039fc                __data_load_start__ = ALIGN ((__fast_load_start__ + SIZEOF (.fast)), 0x4)

.data           0x0000000020000018       0x38 load address 0x00000000000039fc
                0x0000000020000018                __data_start__ = .
 *(.data .data.* .gnu.linkonce.d.*)
 .data.m_uart   0x0000000020000018       0x14 Output/Release/Obj/twi_scanner_pca10040/nrf_log_backend_uart.o
                0x0000000020000018                m_uart
 .data.uart_log_backend
                0x000000002000002c        0xc Output/Release/Obj/twi_scanner_pca10040/nrf_log_default_backends.o
 .data.SystemCoreClock
                0x0000000020000038        0x4 Output/Release/Obj/twi_scanner_pca10040/system_nrf52.o
                0x0000000020000038                SystemCoreClock
 .data.libc.__RAL_global_locale
                0x000000002000003c       0x14 /usr/share/segger_embedded_studio_for_arm_5.68/lib/libc_v7em_fpv4_sp_d16_hard_t_le_eabi.a(libc2.o)
                0x000000002000003c                __RAL_global_locale
                0x0000000020000050                __data_end__ = (__data_start__ + SIZEOF (.data))
                0x0000000000000038                __data_size__ = SIZEOF (.data)
                0x0000000000003a34                __data_load_end__ = (__data_load_start__ + SIZEOF (.data))

.igot.plt       0x0000000100000000        0x0
 .igot.plt      0x0000000100000000        0x0 Output/Release/Obj/twi_scanner_pca10040/thumb_crt0.o
                0x0000000000000001                . = ASSERT (((__data_load_start__ == __data_load_end__) || ((__data_load_end__ - __FLASH_segment_start__) <= __FLASH_segment_size__)), error: .data is too large to fit in FLASH memory segment)

.data_run       0x0000000020000018        0x0
                0x0000000020000018                __data_run_start__ = .
                0x0000000020000050                __data_run_end__ = (__data_run_start__ + SIZEOF (.data))
                0x0000000000000038                __data_run_size__ = (__data_run_end__ - __data_run_start__)
                0x0000000020000050                __data_run_load_end__ = __data_run_end__
                0x0000000000000001                . = ASSERT (((__data_run_start__ == __data_run_end__) || ((__data_run_end__ - __RAM_segment_start__) <= __RAM_segment_size__)), error: .data_run is too large to fit in RAM memory segment)
                0x0000000000003a34                __tdata_load_start__ = ALIGN ((__data_load_start__ + SIZEOF (.data)), 0x4)

.tdata          0x0000000020000050        0x0 load address 0x0000000000003a34
                0x0000000020000050                __tdata_start__ = .
 *(.tdata .tdata.*)
                0x0000000020000050                __tdata_end__ = (__tdata_start__ + SIZEOF (.tdata))
                0x0000000000000000                __tdata_size__ = SIZEOF (.tdata)
                0x0000000000003a34                __tdata_load_end__ = (__tdata_load_start__ + SIZEOF (.tdata))
                0x0000000000003a34                __FLASH_segment_used_end__ = (ALIGN ((__data_load_start__ + SIZEOF (.data)), 0x4) + SIZEOF (.tdata))
                0x0000000000003a34                __FLASH_segment_used_size__ = (__FLASH_segment_used_end__ - __FLASH_segment_start__)
                0x0000000000000001                . = ASSERT (((__tdata_load_start__ == __tdata_load_end__) || ((__tdata_load_end__ - __FLASH_segment_start__) <= __FLASH_segment_size__)), error: .tdata is too large to fit in FLASH memory segment)

.tdata_run      0x0000000020000050        0x0
                0x0000000020000050                __tdata_run_start__ = .
                0x0000000020000050                __tdata_run_end__ = (__tdata_run_start__ + SIZEOF (.tdata))
                0x0000000000000000                __tdata_run_size__ = (__tdata_run_end__ - __tdata_run_start__)
                0x0000000020000050                __tdata_run_load_end__ = __tdata_run_end__
                0x0000000000000001                . = ASSERT (((__tdata_run_start__ == __tdata_run_end__) || ((__tdata_run_end__ - __RAM_segment_start__) <= __RAM_segment_size__)), error: .tdata_run is too large to fit in RAM memory segment)
                0x0000000020000050                __bss_load_start__ = ALIGN (__tdata_run_end__, 0x4)

.bss            0x0000000020000050      0x8ac
                0x0000000020000050                __bss_start__ = .
 *(.bss .bss.* .gnu.linkonce.b.*)
 .bss.m_async_mode
                0x0000000020000050        0x1 Output/Release/Obj/twi_scanner_pca10040/nrf_log_backend_uart.o
 .bss.m_string_buff
                0x0000000020000051       0x40 Output/Release/Obj/twi_scanner_pca10040/nrf_log_backend_uart.o
 .bss.m_xfer_done
                0x0000000020000091        0x1 Output/Release/Obj/twi_scanner_pca10040/nrf_log_backend_uart.o
 *fill*         0x0000000020000092        0x2 
 .bss.log_mempool_nrf_balloc_cb
                0x0000000020000094        0x8 Output/Release/Obj/twi_scanner_pca10040/nrf_log_frontend.o
 .bss.log_mempool_nrf_balloc_pool_mem
                0x000000002000009c       0xc0 Output/Release/Obj/twi_scanner_pca10040/nrf_log_frontend.o
 .bss.log_mempool_nrf_balloc_pool_stack
                0x000000002000015c        0x8 Output/Release/Obj/twi_scanner_pca10040/nrf_log_frontend.o
 .bss.m_log_data
                0x0000000020000164      0x424 Output/Release/Obj/twi_scanner_pca10040/nrf_log_frontend.o
 .bss.m_in_critical_region
                0x0000000020000588        0x4 Output/Release/Obj/twi_scanner_pca10040/app_util_platform.o
 .bss.m_contexts
                0x000000002000058c        0x8 Output/Release/Obj/twi_scanner_pca10040/nrf_drv_twi.o
 .bss.m_handlers
                0x0000000020000594        0x8 Output/Release/Obj/twi_scanner_pca10040/nrf_drv_twi.o
 .bss.m_contexts
                0x000000002000059c        0x4 Output/Release/Obj/twi_scanner_pca10040/nrf_drv_uart.o
 .bss.m_handlers
                0x00000000200005a0        0x4 Output/Release/Obj/twi_scanner_pca10040/nrf_drv_uart.o
 .bss.nrf_drv_uart_use_easy_dma
                0x00000000200005a4        0x1 Output/Release/Obj/twi_scanner_pca10040/nrf_drv_uart.o
                0x00000000200005a4                nrf_drv_uart_use_easy_dma
 *fill*         0x00000000200005a5        0x3 
 .bss.m_prs_box_4
                0x00000000200005a8        0x8 Output/Release/Obj/twi_scanner_pca10040/nrfx_prs.o
 .bss.m_cb      0x00000000200005b0       0x68 Output/Release/Obj/twi_scanner_pca10040/nrfx_twim.o
 .bss.m_cb      0x0000000020000618       0x2c Output/Release/Obj/twi_scanner_pca10040/nrfx_uart.o
 .bss.m_cb      0x0000000020000644       0x24 Output/Release/Obj/twi_scanner_pca10040/nrfx_uarte.o
 .bss.AccValue.1
                0x0000000020000668        0x3 Output/Release/Obj/twi_scanner_pca10040/main.o
 *fill*         0x000000002000066b        0x1 
 .bss._SEGGER_RTT
                0x000000002000066c       0x78 Output/Release/Obj/twi_scanner_pca10040/SEGGER_RTT.o
                0x000000002000066c                _SEGGER_RTT
 .bss._acDownBuffer
                0x00000000200006e4       0x10 Output/Release/Obj/twi_scanner_pca10040/SEGGER_RTT.o
 .bss._acUpBuffer
                0x00000000200006f4      0x200 Output/Release/Obj/twi_scanner_pca10040/SEGGER_RTT.o
 .bss.m_xfer_done
                0x00000000200008f4        0x1 Output/Release/Obj/twi_scanner_pca10040/mma7660.o
 *fill*         0x00000000200008f5        0x3 
 .bss.libc.__user_format_extender
                0x00000000200008f8        0x4 /usr/share/segger_embedded_studio_for_arm_5.68/lib/libc_v7em_fpv4_sp_d16_hard_t_le_eabi.a(libc2.o)
                0x00000000200008f8                __user_format_extender
 *(COMMON)
                0x00000000200008fc                __bss_end__ = (__bss_start__ + SIZEOF (.bss))
                0x00000000000008ac                __bss_size__ = SIZEOF (.bss)
                0x00000000200008fc                __bss_load_end__ = __bss_end__
                0x0000000000000001                . = ASSERT (((__bss_start__ == __bss_end__) || ((__bss_end__ - __RAM_segment_start__) <= __RAM_segment_size__)), error: .bss is too large to fit in RAM memory segment)
                0x00000000200008fc                __tbss_load_start__ = ALIGN (__bss_end__, 0x4)

.tbss           0x00000000200008fc        0x0
                0x00000000200008fc                __tbss_start__ = .
 *(.tbss .tbss.*)
                0x00000000200008fc                __tbss_end__ = (__tbss_start__ + SIZEOF (.tbss))
                0x0000000000000000                __tbss_size__ = SIZEOF (.tbss)
                0x00000000200008fc                __tbss_load_end__ = __tbss_end__
                0x0000000000000001                . = ASSERT (((__tbss_start__ == __tbss_end__) || ((__tbss_end__ - __RAM_segment_start__) <= __RAM_segment_size__)), error: .tbss is too large to fit in RAM memory segment)
                0x00000000200008fc                __non_init_load_start__ = ALIGN (__tbss_end__, 0x4)

.non_init       0x00000000200008fc        0x0
                0x00000000200008fc                __non_init_start__ = .
 *(.non_init .non_init.*)
                0x00000000200008fc                __non_init_end__ = (__non_init_start__ + SIZEOF (.non_init))
                0x0000000000000000                __non_init_size__ = SIZEOF (.non_init)
                0x00000000200008fc                __non_init_load_end__ = __non_init_end__
                0x0000000000000001                . = ASSERT (((__non_init_start__ == __non_init_end__) || ((__non_init_end__ - __RAM_segment_start__) <= __RAM_segment_size__)), error: .non_init is too large to fit in RAM memory segment)
                0x00000000200008fc                __heap_load_start__ = ALIGN (__non_init_end__, 0x4)

.heap           0x00000000200008fc     0x2000
                0x00000000200008fc                __heap_start__ = .
 *(.heap .heap.*)
                0x00000000200028fc                . = ALIGN (MAX ((__heap_start__ + __HEAPSIZE__), .), 0x4)
 *fill*         0x00000000200008fc     0x2000 
                0x00000000200028fc                __heap_end__ = (__heap_start__ + SIZEOF (.heap))
                0x0000000000002000                __heap_size__ = SIZEOF (.heap)
                0x00000000200028fc                __heap_load_end__ = __heap_end__
                0x0000000000000001                . = ASSERT (((__heap_start__ == __heap_end__) || ((__heap_end__ - __RAM_segment_start__) <= __RAM_segment_size__)), error: .heap is too large to fit in RAM memory segment)
                0x000000002000e000                __stack_load_start__ = (__RAM_segment_start__ + (__RAM_segment_size__ - 0x2000))

.stack          0x000000002000e000     0x2000
                0x000000002000e000                __stack_start__ = .
                0x000000002000e000                __StackLimit = __stack_start__
 *(.stack .stack.*)
                0x0000000020010000                . = ALIGN (MAX ((__stack_start__ + __STACKSIZE__), .), 0x8)
 *fill*         0x000000002000e000     0x2000 
                0x0000000020010000                __stack_end__ = (__stack_start__ + SIZEOF (.stack))
                0x0000000000002000                __stack_size__ = SIZEOF (.stack)
                0x0000000020010000                __StackTop = __stack_end__
                0x0000000020010000                __stack_load_end__ = __stack_end__
                0x0000000000000001                . = ASSERT (((__stack_start__ == __stack_end__) || ((__stack_end__ - __RAM_segment_start__) <= __RAM_segment_size__)), error: .stack is too large to fit in RAM memory segment)
                0x0000000000000001                . = ASSERT ((__heap_end__ <= __stack_start__), error: section .heap overlaps absolute placed section .stack)
                0x0000000020010000                __stack_process_load_start__ = ALIGN (__stack_end__, 0x8)

.stack_process  0x0000000020010000        0x0
                0x0000000020010000                __stack_process_start__ = .
 *(.stack_process .stack_process.*)
                0x0000000020010000                . = ALIGN (MAX ((__stack_process_start__ + __STACKSIZE_PROCESS__), .), 0x8)
                0x0000000020010000                __stack_process_end__ = (__stack_process_start__ + SIZEOF (.stack_process))
                0x0000000000000000                __stack_process_size__ = SIZEOF (.stack_process)
                0x0000000020010000                __stack_process_load_end__ = __stack_process_end__
                0x0000000020010000                __RAM_segment_used_end__ = (ALIGN (__stack_end__, 0x8) + SIZEOF (.stack_process))
                0x0000000000010000                __RAM_segment_used_size__ = (__RAM_segment_used_end__ - __RAM_segment_start__)
                0x0000000000000001                . = ASSERT (((__stack_process_start__ == __stack_process_end__) || ((__stack_process_end__ - __RAM_segment_start__) <= __RAM_segment_size__)), error: .stack_process is too large to fit in RAM memory segment)
START GROUP
LOAD Output/Release/Obj/twi_scanner_pca10040/thumb_crt0.o
LOAD Output/Release/Obj/twi_scanner_pca10040/nrf_log_backend_rtt.o
LOAD Output/Release/Obj/twi_scanner_pca10040/nrf_log_backend_serial.o
LOAD Output/Release/Obj/twi_scanner_pca10040/nrf_log_backend_uart.o
LOAD Output/Release/Obj/twi_scanner_pca10040/nrf_log_default_backends.o
LOAD Output/Release/Obj/twi_scanner_pca10040/nrf_log_frontend.o
LOAD Output/Release/Obj/twi_scanner_pca10040/nrf_log_str_formatter.o
LOAD Output/Release/Obj/twi_scanner_pca10040/boards.o
LOAD Output/Release/Obj/twi_scanner_pca10040/app_error.o
LOAD Output/Release/Obj/twi_scanner_pca10040/app_error_handler_gcc.o
LOAD Output/Release/Obj/twi_scanner_pca10040/app_error_weak.o
LOAD Output/Release/Obj/twi_scanner_pca10040/app_util_platform.o
LOAD Output/Release/Obj/twi_scanner_pca10040/nrf_assert.o
LOAD Output/Release/Obj/twi_scanner_pca10040/nrf_atomic.o
LOAD Output/Release/Obj/twi_scanner_pca10040/nrf_balloc.o
LOAD Output/Release/Obj/twi_scanner_pca10040/nrf_fprintf.o
LOAD Output/Release/Obj/twi_scanner_pca10040/nrf_fprintf_format.o
LOAD Output/Release/Obj/twi_scanner_pca10040/nrf_memobj.o
LOAD Output/Release/Obj/twi_scanner_pca10040/nrf_strerror.o
LOAD Output/Release/Obj/twi_scanner_pca10040/nrf_drv_twi.o
LOAD Output/Release/Obj/twi_scanner_pca10040/nrf_drv_uart.o
LOAD Output/Release/Obj/twi_scanner_pca10040/nrfx_prs.o
LOAD Output/Release/Obj/twi_scanner_pca10040/nrfx_twi.o
LOAD Output/Release/Obj/twi_scanner_pca10040/nrfx_twim.o
LOAD Output/Release/Obj/twi_scanner_pca10040/nrfx_uart.o
LOAD Output/Release/Obj/twi_scanner_pca10040/nrfx_uarte.o
LOAD Output/Release/Obj/twi_scanner_pca10040/main.o
LOAD Output/Release/Obj/twi_scanner_pca10040/SEGGER_RTT.o
LOAD Output/Release/Obj/twi_scanner_pca10040/SEGGER_RTT_Syscalls_SES.o
LOAD Output/Release/Obj/twi_scanner_pca10040/SEGGER_RTT_printf.o
LOAD Output/Release/Obj/twi_scanner_pca10040/ses_nRF_Startup.o
LOAD Output/Release/Obj/twi_scanner_pca10040/ses_nrf52_Vectors.o
LOAD Output/Release/Obj/twi_scanner_pca10040/system_nrf52.o
LOAD Output/Release/Obj/twi_scanner_pca10040/mma7660.o
LOAD /usr/share/segger_embedded_studio_for_arm_5.68/lib/libm_v7em_fpv4_sp_d16_hard_t_le_eabi.a
LOAD /usr/share/segger_embedded_studio_for_arm_5.68/lib/libc_v7em_fpv4_sp_d16_hard_t_le_eabi.a
LOAD /usr/share/segger_embedded_studio_for_arm_5.68/lib/libdebugio_v7em_fpv4_sp_d16_hard_t_le_eabi.a
END GROUP
OUTPUT(Output/Release/Exe/twi_scanner_pca10040.elf elf32-littlearm)
LOAD linker stubs

.ARM.attributes
                0x0000000000000000       0x32
 .ARM.attributes
                0x0000000000000000       0x20 Output/Release/Obj/twi_scanner_pca10040/thumb_crt0.o
 .ARM.attributes
                0x0000000000000020       0x36 Output/Release/Obj/twi_scanner_pca10040/nrf_log_backend_serial.o
 .ARM.attributes
                0x0000000000000056       0x36 Output/Release/Obj/twi_scanner_pca10040/nrf_log_backend_uart.o
 .ARM.attributes
                0x000000000000008c       0x36 Output/Release/Obj/twi_scanner_pca10040/nrf_log_default_backends.o
 .ARM.attributes
                0x00000000000000c2       0x36 Output/Release/Obj/twi_scanner_pca10040/nrf_log_frontend.o
 .ARM.attributes
                0x00000000000000f8       0x36 Output/Release/Obj/twi_scanner_pca10040/nrf_log_str_formatter.o
 .ARM.attributes
                0x000000000000012e       0x36 Output/Release/Obj/twi_scanner_pca10040/app_error.o
 .ARM.attributes
                0x0000000000000164       0x36 Output/Release/Obj/twi_scanner_pca10040/app_error_weak.o
 .ARM.attributes
                0x000000000000019a       0x36 Output/Release/Obj/twi_scanner_pca10040/app_util_platform.o
 .ARM.attributes
                0x00000000000001d0       0x36 Output/Release/Obj/twi_scanner_pca10040/nrf_atomic.o
 .ARM.attributes
                0x0000000000000206       0x36 Output/Release/Obj/twi_scanner_pca10040/nrf_balloc.o
 .ARM.attributes
                0x000000000000023c       0x36 Output/Release/Obj/twi_scanner_pca10040/nrf_fprintf.o
 .ARM.attributes
                0x0000000000000272       0x36 Output/Release/Obj/twi_scanner_pca10040/nrf_fprintf_format.o
 .ARM.attributes
                0x00000000000002a8       0x36 Output/Release/Obj/twi_scanner_pca10040/nrf_memobj.o
 .ARM.attributes
                0x00000000000002de       0x36 Output/Release/Obj/twi_scanner_pca10040/nrf_drv_twi.o
 .ARM.attributes
                0x0000000000000314       0x36 Output/Release/Obj/twi_scanner_pca10040/nrf_drv_uart.o
 .ARM.attributes
                0x000000000000034a       0x36 Output/Release/Obj/twi_scanner_pca10040/nrfx_prs.o
 .ARM.attributes
                0x0000000000000380       0x36 Output/Release/Obj/twi_scanner_pca10040/nrfx_twim.o
 .ARM.attributes
                0x00000000000003b6       0x36 Output/Release/Obj/twi_scanner_pca10040/nrfx_uart.o
 .ARM.attributes
                0x00000000000003ec       0x36 Output/Release/Obj/twi_scanner_pca10040/nrfx_uarte.o
 .ARM.attributes
                0x0000000000000422       0x36 Output/Release/Obj/twi_scanner_pca10040/main.o
 .ARM.attributes
                0x0000000000000458       0x36 Output/Release/Obj/twi_scanner_pca10040/SEGGER_RTT.o
 .ARM.attributes
                0x000000000000048e       0x36 Output/Release/Obj/twi_scanner_pca10040/SEGGER_RTT_Syscalls_SES.o
 .ARM.attributes
                0x00000000000004c4       0x20 Output/Release/Obj/twi_scanner_pca10040/ses_nRF_Startup.o
 .ARM.attributes
                0x00000000000004e4       0x20 Output/Release/Obj/twi_scanner_pca10040/ses_nrf52_Vectors.o
 .ARM.attributes
                0x0000000000000504       0x36 Output/Release/Obj/twi_scanner_pca10040/system_nrf52.o
 .ARM.attributes
                0x000000000000053a       0x36 Output/Release/Obj/twi_scanner_pca10040/mma7660.o
 .ARM.attributes
                0x0000000000000570       0x36 /usr/share/segger_embedded_studio_for_arm_5.68/lib/libc_v7em_fpv4_sp_d16_hard_t_le_eabi.a(libc2.o)
 .ARM.attributes
                0x00000000000005a6       0x20 /usr/share/segger_embedded_studio_for_arm_5.68/lib/libc_v7em_fpv4_sp_d16_hard_t_le_eabi.a(libc2_asm.o)
 .ARM.attributes
                0x00000000000005c6       0x36 /usr/share/segger_embedded_studio_for_arm_5.68/lib/libc_v7em_fpv4_sp_d16_hard_t_le_eabi.a(libvfprintf.o)

.comment        0x0000000000000000       0x3f
 .comment       0x0000000000000000       0x3f Output/Release/Obj/twi_scanner_pca10040/nrf_log_backend_serial.o
                                         0x40 (size before relaxing)
 .comment       0x000000000000003f       0x40 Output/Release/Obj/twi_scanner_pca10040/nrf_log_backend_uart.o
 .comment       0x000000000000003f       0x40 Output/Release/Obj/twi_scanner_pca10040/nrf_log_default_backends.o
 .comment       0x000000000000003f       0x40 Output/Release/Obj/twi_scanner_pca10040/nrf_log_frontend.o
 .comment       0x000000000000003f       0x40 Output/Release/Obj/twi_scanner_pca10040/nrf_log_str_formatter.o
 .comment       0x000000000000003f       0x40 Output/Release/Obj/twi_scanner_pca10040/app_error.o
 .comment       0x000000000000003f       0x40 Output/Release/Obj/twi_scanner_pca10040/app_error_weak.o
 .comment       0x000000000000003f       0x40 Output/Release/Obj/twi_scanner_pca10040/app_util_platform.o
 .comment       0x000000000000003f       0x40 Output/Release/Obj/twi_scanner_pca10040/nrf_atomic.o
 .comment       0x000000000000003f       0x40 Output/Release/Obj/twi_scanner_pca10040/nrf_balloc.o
 .comment       0x000000000000003f       0x40 Output/Release/Obj/twi_scanner_pca10040/nrf_fprintf.o
 .comment       0x000000000000003f       0x40 Output/Release/Obj/twi_scanner_pca10040/nrf_fprintf_format.o
 .comment       0x000000000000003f       0x40 Output/Release/Obj/twi_scanner_pca10040/nrf_memobj.o
 .comment       0x000000000000003f       0x40 Output/Release/Obj/twi_scanner_pca10040/nrf_drv_twi.o
 .comment       0x000000000000003f       0x40 Output/Release/Obj/twi_scanner_pca10040/nrf_drv_uart.o
 .comment       0x000000000000003f       0x40 Output/Release/Obj/twi_scanner_pca10040/nrfx_prs.o
 .comment       0x000000000000003f       0x40 Output/Release/Obj/twi_scanner_pca10040/nrfx_twim.o
 .comment       0x000000000000003f       0x40 Output/Release/Obj/twi_scanner_pca10040/nrfx_uart.o
 .comment       0x000000000000003f       0x40 Output/Release/Obj/twi_scanner_pca10040/nrfx_uarte.o
 .comment       0x000000000000003f       0x40 Output/Release/Obj/twi_scanner_pca10040/main.o
 .comment       0x000000000000003f       0x40 Output/Release/Obj/twi_scanner_pca10040/SEGGER_RTT.o
 .comment       0x000000000000003f       0x40 Output/Release/Obj/twi_scanner_pca10040/SEGGER_RTT_Syscalls_SES.o
 .comment       0x000000000000003f       0x40 Output/Release/Obj/twi_scanner_pca10040/system_nrf52.o
 .comment       0x000000000000003f       0x40 Output/Release/Obj/twi_scanner_pca10040/mma7660.o
 .comment       0x000000000000003f       0x40 /usr/share/segger_embedded_studio_for_arm_5.68/lib/libc_v7em_fpv4_sp_d16_hard_t_le_eabi.a(libc2.o)
 .comment       0x000000000000003f       0x40 /usr/share/segger_embedded_studio_for_arm_5.68/lib/libc_v7em_fpv4_sp_d16_hard_t_le_eabi.a(libvfprintf.o)

.debug_line     0x0000000000000000     0xf192
 .debug_line    0x0000000000000000      0x211 Output/Release/Obj/twi_scanner_pca10040/thumb_crt0.o
 .debug_line    0x0000000000000211      0x70e Output/Release/Obj/twi_scanner_pca10040/nrf_log_backend_serial.o
 .debug_line    0x000000000000091f      0x99d Output/Release/Obj/twi_scanner_pca10040/nrf_log_backend_uart.o
 .debug_line    0x00000000000012bc      0x609 Output/Release/Obj/twi_scanner_pca10040/nrf_log_default_backends.o
 .debug_line    0x00000000000018c5     0x13af Output/Release/Obj/twi_scanner_pca10040/nrf_log_frontend.o
 .debug_line    0x0000000000002c74      0x7fa Output/Release/Obj/twi_scanner_pca10040/nrf_log_str_formatter.o
 .debug_line    0x000000000000346e      0x3cc Output/Release/Obj/twi_scanner_pca10040/app_error.o
 .debug_line    0x000000000000383a      0x710 Output/Release/Obj/twi_scanner_pca10040/app_error_weak.o
 .debug_line    0x0000000000003f4a      0x44a Output/Release/Obj/twi_scanner_pca10040/app_util_platform.o
 .debug_line    0x0000000000004394      0x6b2 Output/Release/Obj/twi_scanner_pca10040/nrf_atomic.o
 .debug_line    0x0000000000004a46      0x6dd Output/Release/Obj/twi_scanner_pca10040/nrf_balloc.o
 .debug_line    0x0000000000005123      0x3ee Output/Release/Obj/twi_scanner_pca10040/nrf_fprintf.o
 .debug_line    0x0000000000005511      0x847 Output/Release/Obj/twi_scanner_pca10040/nrf_fprintf_format.o
 .debug_line    0x0000000000005d58      0x849 Output/Release/Obj/twi_scanner_pca10040/nrf_memobj.o
 .debug_line    0x00000000000065a1      0x8c7 Output/Release/Obj/twi_scanner_pca10040/nrf_drv_twi.o
 .debug_line    0x0000000000006e68      0x67b Output/Release/Obj/twi_scanner_pca10040/nrf_drv_uart.o
 .debug_line    0x00000000000074e3      0x752 Output/Release/Obj/twi_scanner_pca10040/nrfx_prs.o
 .debug_line    0x0000000000007c35     0x15b4 Output/Release/Obj/twi_scanner_pca10040/nrfx_twim.o
 .debug_line    0x00000000000091e9     0x179d Output/Release/Obj/twi_scanner_pca10040/nrfx_uart.o
 .debug_line    0x000000000000a986     0x15a6 Output/Release/Obj/twi_scanner_pca10040/nrfx_uarte.o
 .debug_line    0x000000000000bf2c      0xb4f Output/Release/Obj/twi_scanner_pca10040/main.o
 .debug_line    0x000000000000ca7b     0x128b Output/Release/Obj/twi_scanner_pca10040/SEGGER_RTT.o
 .debug_line    0x000000000000dd06      0x463 Output/Release/Obj/twi_scanner_pca10040/SEGGER_RTT_Syscalls_SES.o
 .debug_line    0x000000000000e169       0xd5 Output/Release/Obj/twi_scanner_pca10040/ses_nRF_Startup.o
 .debug_line    0x000000000000e23e       0xde Output/Release/Obj/twi_scanner_pca10040/ses_nrf52_Vectors.o
 .debug_line    0x000000000000e31c      0x626 Output/Release/Obj/twi_scanner_pca10040/system_nrf52.o
 .debug_line    0x000000000000e942      0x850 Output/Release/Obj/twi_scanner_pca10040/mma7660.o

.debug_info     0x0000000000000000    0x17f2a
 .debug_info    0x0000000000000000       0x22 Output/Release/Obj/twi_scanner_pca10040/thumb_crt0.o
 .debug_info    0x0000000000000022      0x7b8 Output/Release/Obj/twi_scanner_pca10040/nrf_log_backend_serial.o
 .debug_info    0x00000000000007da     0x10d7 Output/Release/Obj/twi_scanner_pca10040/nrf_log_backend_uart.o
 .debug_info    0x00000000000018b1      0x2a5 Output/Release/Obj/twi_scanner_pca10040/nrf_log_default_backends.o
 .debug_info    0x0000000000001b56     0x2456 Output/Release/Obj/twi_scanner_pca10040/nrf_log_frontend.o
 .debug_info    0x0000000000003fac      0x7a6 Output/Release/Obj/twi_scanner_pca10040/nrf_log_str_formatter.o
 .debug_info    0x0000000000004752      0x2b0 Output/Release/Obj/twi_scanner_pca10040/app_error.o
 .debug_info    0x0000000000004a02      0x468 Output/Release/Obj/twi_scanner_pca10040/app_error_weak.o
 .debug_info    0x0000000000004e6a      0x77d Output/Release/Obj/twi_scanner_pca10040/app_util_platform.o
 .debug_info    0x00000000000055e7      0x933 Output/Release/Obj/twi_scanner_pca10040/nrf_atomic.o
 .debug_info    0x0000000000005f1a      0x3e9 Output/Release/Obj/twi_scanner_pca10040/nrf_balloc.o
 .debug_info    0x0000000000006303      0x233 Output/Release/Obj/twi_scanner_pca10040/nrf_fprintf.o
 .debug_info    0x0000000000006536      0x70b Output/Release/Obj/twi_scanner_pca10040/nrf_fprintf_format.o
 .debug_info    0x0000000000006c41      0x95a Output/Release/Obj/twi_scanner_pca10040/nrf_memobj.o
 .debug_info    0x000000000000759b     0x150e Output/Release/Obj/twi_scanner_pca10040/nrf_drv_twi.o
 .debug_info    0x0000000000008aa9     0x1167 Output/Release/Obj/twi_scanner_pca10040/nrf_drv_uart.o
 .debug_info    0x0000000000009c10      0x7eb Output/Release/Obj/twi_scanner_pca10040/nrfx_prs.o
 .debug_info    0x000000000000a3fb     0x2dfe Output/Release/Obj/twi_scanner_pca10040/nrfx_twim.o
 .debug_info    0x000000000000d1f9     0x3190 Output/Release/Obj/twi_scanner_pca10040/nrfx_uart.o
 .debug_info    0x0000000000010389     0x3081 Output/Release/Obj/twi_scanner_pca10040/nrfx_uarte.o
 .debug_info    0x000000000001340a      0xea0 Output/Release/Obj/twi_scanner_pca10040/main.o
 .debug_info    0x00000000000142aa     0x15fd Output/Release/Obj/twi_scanner_pca10040/SEGGER_RTT.o
 .debug_info    0x00000000000158a7      0x2cb Output/Release/Obj/twi_scanner_pca10040/SEGGER_RTT_Syscalls_SES.o
 .debug_info    0x0000000000015b72       0x23 Output/Release/Obj/twi_scanner_pca10040/ses_nRF_Startup.o
 .debug_info    0x0000000000015b95       0x23 Output/Release/Obj/twi_scanner_pca10040/ses_nrf52_Vectors.o
 .debug_info    0x0000000000015bb8     0x11d6 Output/Release/Obj/twi_scanner_pca10040/system_nrf52.o
 .debug_info    0x0000000000016d8e     0x119c Output/Release/Obj/twi_scanner_pca10040/mma7660.o

.debug_abbrev   0x0000000000000000     0x4352
 .debug_abbrev  0x0000000000000000       0x12 Output/Release/Obj/twi_scanner_pca10040/thumb_crt0.o
 .debug_abbrev  0x0000000000000012      0x214 Output/Release/Obj/twi_scanner_pca10040/nrf_log_backend_serial.o
 .debug_abbrev  0x0000000000000226      0x336 Output/Release/Obj/twi_scanner_pca10040/nrf_log_backend_uart.o
 .debug_abbrev  0x000000000000055c      0x193 Output/Release/Obj/twi_scanner_pca10040/nrf_log_default_backends.o
 .debug_abbrev  0x00000000000006ef      0x5fb Output/Release/Obj/twi_scanner_pca10040/nrf_log_frontend.o
 .debug_abbrev  0x0000000000000cea      0x1f2 Output/Release/Obj/twi_scanner_pca10040/nrf_log_str_formatter.o
 .debug_abbrev  0x0000000000000edc      0x13e Output/Release/Obj/twi_scanner_pca10040/app_error.o
 .debug_abbrev  0x000000000000101a      0x1eb Output/Release/Obj/twi_scanner_pca10040/app_error_weak.o
 .debug_abbrev  0x0000000000001205      0x22d Output/Release/Obj/twi_scanner_pca10040/app_util_platform.o
 .debug_abbrev  0x0000000000001432      0x199 Output/Release/Obj/twi_scanner_pca10040/nrf_atomic.o
 .debug_abbrev  0x00000000000015cb      0x1fc Output/Release/Obj/twi_scanner_pca10040/nrf_balloc.o
 .debug_abbrev  0x00000000000017c7      0x146 Output/Release/Obj/twi_scanner_pca10040/nrf_fprintf.o
 .debug_abbrev  0x000000000000190d      0x2b1 Output/Release/Obj/twi_scanner_pca10040/nrf_fprintf_format.o
 .debug_abbrev  0x0000000000001bbe      0x234 Output/Release/Obj/twi_scanner_pca10040/nrf_memobj.o
 .debug_abbrev  0x0000000000001df2      0x3ad Output/Release/Obj/twi_scanner_pca10040/nrf_drv_twi.o
 .debug_abbrev  0x000000000000219f      0x21e Output/Release/Obj/twi_scanner_pca10040/nrf_drv_uart.o
 .debug_abbrev  0x00000000000023bd      0x298 Output/Release/Obj/twi_scanner_pca10040/nrfx_prs.o
 .debug_abbrev  0x0000000000002655      0x4e9 Output/Release/Obj/twi_scanner_pca10040/nrfx_twim.o
 .debug_abbrev  0x0000000000002b3e      0x56f Output/Release/Obj/twi_scanner_pca10040/nrfx_uart.o
 .debug_abbrev  0x00000000000030ad      0x527 Output/Release/Obj/twi_scanner_pca10040/nrfx_uarte.o
 .debug_abbrev  0x00000000000035d4      0x314 Output/Release/Obj/twi_scanner_pca10040/main.o
 .debug_abbrev  0x00000000000038e8      0x2d4 Output/Release/Obj/twi_scanner_pca10040/SEGGER_RTT.o
 .debug_abbrev  0x0000000000003bbc      0x1a5 Output/Release/Obj/twi_scanner_pca10040/SEGGER_RTT_Syscalls_SES.o
 .debug_abbrev  0x0000000000003d61       0x14 Output/Release/Obj/twi_scanner_pca10040/ses_nRF_Startup.o
 .debug_abbrev  0x0000000000003d75       0x14 Output/Release/Obj/twi_scanner_pca10040/ses_nrf52_Vectors.o
 .debug_abbrev  0x0000000000003d89      0x238 Output/Release/Obj/twi_scanner_pca10040/system_nrf52.o
 .debug_abbrev  0x0000000000003fc1      0x391 Output/Release/Obj/twi_scanner_pca10040/mma7660.o

.debug_aranges  0x0000000000000000      0x8b0
 .debug_aranges
                0x0000000000000000       0x98 Output/Release/Obj/twi_scanner_pca10040/thumb_crt0.o
 .debug_aranges
                0x0000000000000098       0x20 Output/Release/Obj/twi_scanner_pca10040/nrf_log_backend_serial.o
 .debug_aranges
                0x00000000000000b8       0x50 Output/Release/Obj/twi_scanner_pca10040/nrf_log_backend_uart.o
 .debug_aranges
                0x0000000000000108       0x20 Output/Release/Obj/twi_scanner_pca10040/nrf_log_default_backends.o
 .debug_aranges
                0x0000000000000128       0xd0 Output/Release/Obj/twi_scanner_pca10040/nrf_log_frontend.o
 .debug_aranges
                0x00000000000001f8       0x40 Output/Release/Obj/twi_scanner_pca10040/nrf_log_str_formatter.o
 .debug_aranges
                0x0000000000000238       0x28 Output/Release/Obj/twi_scanner_pca10040/app_error.o
 .debug_aranges
                0x0000000000000260       0x20 Output/Release/Obj/twi_scanner_pca10040/app_error_weak.o
 .debug_aranges
                0x0000000000000280       0x48 Output/Release/Obj/twi_scanner_pca10040/app_util_platform.o
 .debug_aranges
                0x00000000000002c8       0xb0 Output/Release/Obj/twi_scanner_pca10040/nrf_atomic.o
 .debug_aranges
                0x0000000000000378       0x30 Output/Release/Obj/twi_scanner_pca10040/nrf_balloc.o
 .debug_aranges
                0x00000000000003a8       0x28 Output/Release/Obj/twi_scanner_pca10040/nrf_fprintf.o
 .debug_aranges
                0x00000000000003d0       0x30 Output/Release/Obj/twi_scanner_pca10040/nrf_fprintf_format.o
 .debug_aranges
                0x0000000000000400       0x50 Output/Release/Obj/twi_scanner_pca10040/nrf_memobj.o
 .debug_aranges
                0x0000000000000450       0x30 Output/Release/Obj/twi_scanner_pca10040/nrf_drv_twi.o
 .debug_aranges
                0x0000000000000480       0x30 Output/Release/Obj/twi_scanner_pca10040/nrf_drv_uart.o
 .debug_aranges
                0x00000000000004b0       0x30 Output/Release/Obj/twi_scanner_pca10040/nrfx_prs.o
 .debug_aranges
                0x00000000000004e0       0x88 Output/Release/Obj/twi_scanner_pca10040/nrfx_twim.o
 .debug_aranges
                0x0000000000000568       0xa0 Output/Release/Obj/twi_scanner_pca10040/nrfx_uart.o
 .debug_aranges
                0x0000000000000608       0x78 Output/Release/Obj/twi_scanner_pca10040/nrfx_uarte.o
 .debug_aranges
                0x0000000000000680       0x28 Output/Release/Obj/twi_scanner_pca10040/main.o
 .debug_aranges
                0x00000000000006a8      0x108 Output/Release/Obj/twi_scanner_pca10040/SEGGER_RTT.o
 .debug_aranges
                0x00000000000007b0       0x38 Output/Release/Obj/twi_scanner_pca10040/SEGGER_RTT_Syscalls_SES.o
 .debug_aranges
                0x00000000000007e8       0x20 Output/Release/Obj/twi_scanner_pca10040/ses_nRF_Startup.o
 .debug_aranges
                0x0000000000000808       0x20 Output/Release/Obj/twi_scanner_pca10040/ses_nrf52_Vectors.o
 .debug_aranges
                0x0000000000000828       0x38 Output/Release/Obj/twi_scanner_pca10040/system_nrf52.o
 .debug_aranges
                0x0000000000000860       0x50 Output/Release/Obj/twi_scanner_pca10040/mma7660.o

.debug_str      0x0000000000000000    0x749f2
 .debug_str     0x0000000000000000       0xde Output/Release/Obj/twi_scanner_pca10040/thumb_crt0.o
 .debug_str     0x00000000000000de    0x66420 Output/Release/Obj/twi_scanner_pca10040/nrf_log_backend_serial.o
                                      0x67178 (size before relaxing)
 .debug_str     0x00000000000664fe     0x3f41 Output/Release/Obj/twi_scanner_pca10040/nrf_log_backend_uart.o
                                      0x6ab1a (size before relaxing)
 .debug_str     0x000000000006a43f      0x177 Output/Release/Obj/twi_scanner_pca10040/nrf_log_default_backends.o
                                      0x66f05 (size before relaxing)
 .debug_str     0x000000000006a5b6     0x13c3 Output/Release/Obj/twi_scanner_pca10040/nrf_log_frontend.o
                                      0x6840f (size before relaxing)
 .debug_str     0x000000000006b979      0x317 Output/Release/Obj/twi_scanner_pca10040/nrf_log_str_formatter.o
                                      0x67201 (size before relaxing)
 .debug_str     0x000000000006bc90      0x13a Output/Release/Obj/twi_scanner_pca10040/app_error.o
                                      0x5cdf4 (size before relaxing)
 .debug_str     0x000000000006bdca      0x115 Output/Release/Obj/twi_scanner_pca10040/app_error_weak.o
                                      0x67581 (size before relaxing)
 .debug_str     0x000000000006bedf      0x3ed Output/Release/Obj/twi_scanner_pca10040/app_util_platform.o
                                      0x5d5ee (size before relaxing)
 .debug_str     0x000000000006c2cc      0x705 Output/Release/Obj/twi_scanner_pca10040/nrf_atomic.o
                                      0x63b55 (size before relaxing)
 .debug_str     0x000000000006c9d1      0x185 Output/Release/Obj/twi_scanner_pca10040/nrf_balloc.o
                                      0x6726c (size before relaxing)
 .debug_str     0x000000000006cb56      0x148 Output/Release/Obj/twi_scanner_pca10040/nrf_fprintf.o
                                      0x636e6 (size before relaxing)
 .debug_str     0x000000000006cc9e      0x15d Output/Release/Obj/twi_scanner_pca10040/nrf_fprintf_format.o
                                      0x637ec (size before relaxing)
 .debug_str     0x000000000006cdfb      0x1f0 Output/Release/Obj/twi_scanner_pca10040/nrf_memobj.o
                                      0x65693 (size before relaxing)
 .debug_str     0x000000000006cfeb     0x1b87 Output/Release/Obj/twi_scanner_pca10040/nrf_drv_twi.o
                                      0x681c1 (size before relaxing)
 .debug_str     0x000000000006eb72      0x497 Output/Release/Obj/twi_scanner_pca10040/nrf_drv_uart.o
                                      0x6787a (size before relaxing)
 .debug_str     0x000000000006f009      0x683 Output/Release/Obj/twi_scanner_pca10040/nrfx_prs.o
                                      0x69a14 (size before relaxing)
 .debug_str     0x000000000006f68c     0x10f3 Output/Release/Obj/twi_scanner_pca10040/nrfx_twim.o
                                      0x6b414 (size before relaxing)
 .debug_str     0x000000000007077f      0x713 Output/Release/Obj/twi_scanner_pca10040/nrfx_uart.o
                                      0x6abc3 (size before relaxing)
 .debug_str     0x0000000000070e92      0x8f5 Output/Release/Obj/twi_scanner_pca10040/nrfx_uarte.o
                                      0x6afb4 (size before relaxing)
 .debug_str     0x0000000000071787     0x124a Output/Release/Obj/twi_scanner_pca10040/main.o
                                      0x6c936 (size before relaxing)
 .debug_str     0x00000000000729d1      0xd59 Output/Release/Obj/twi_scanner_pca10040/SEGGER_RTT.o
                                      0x5ff5f (size before relaxing)
 .debug_str     0x000000000007372a      0xbe2 Output/Release/Obj/twi_scanner_pca10040/SEGGER_RTT_Syscalls_SES.o
                                      0x605ad (size before relaxing)
 .debug_str     0x000000000007430c       0x7b Output/Release/Obj/twi_scanner_pca10040/ses_nRF_Startup.o
                                        0x116 (size before relaxing)
 .debug_str     0x0000000000074387       0x7d Output/Release/Obj/twi_scanner_pca10040/ses_nrf52_Vectors.o
                                        0x118 (size before relaxing)
 .debug_str     0x0000000000074404      0x49a Output/Release/Obj/twi_scanner_pca10040/system_nrf52.o
                                      0x5bc20 (size before relaxing)
 .debug_str     0x000000000007489e      0x154 Output/Release/Obj/twi_scanner_pca10040/mma7660.o
                                      0x67dbd (size before relaxing)

.debug_ranges   0x0000000000000000     0x1bd0
 .debug_ranges  0x0000000000000000       0x90 Output/Release/Obj/twi_scanner_pca10040/thumb_crt0.o